// Jest Snapshot v1, https://goo.gl/fbAQLP

exports[`SyntaxHighlighter component passes along code style to non-inline line numbers element 1`] = `
<pre
  style={
    {
      "background": "#F3F3F3",
      "color": "#444",
    }
  }
>
  <code
    style={
      {
        "color": "blue",
        "whiteSpace": "pre",
      }
    }
  >
    <code
      style={
        {
          "color": "blue",
          "float": "left",
          "paddingRight": "10px",
        }
      }
    >
      <span
        className="react-syntax-highlighter-line-number"
        style={{}}
      >
        1

      </span>
      <span
        className="react-syntax-highlighter-line-number"
        style={{}}
      >
        2

      </span>
      <span
        className="react-syntax-highlighter-line-number"
        style={{}}
      >
        3

      </span>
      <span
        className="react-syntax-highlighter-line-number"
        style={{}}
      >
        4

      </span>
      <span
        className="react-syntax-highlighter-line-number"
        style={{}}
      >
        5

      </span>
      <span
        className="react-syntax-highlighter-line-number"
        style={{}}
      >
        6

      </span>
      <span
        className="react-syntax-highlighter-line-number"
        style={{}}
      >
        7

      </span>
      <span
        className="react-syntax-highlighter-line-number"
        style={{}}
      >
        8

      </span>
      <span
        className="react-syntax-highlighter-line-number"
        style={{}}
      >
        9

      </span>
      <span
        className="react-syntax-highlighter-line-number"
        style={{}}
      >
        10

      </span>
    </code>
    <span
      style={{}}
    >
      const woah = 
    </span>
    <span
      className="hljs-function"
      style={{}}
    >
      fun
    </span>
    <span
      className="hljs-function"
      style={{}}
    >
       =&gt;
    </span>
    <span
      style={{}}
    >
       fun + 
    </span>
    <span
      style={
        {
          "color": "#880000",
        }
      }
    >
      1
    </span>
    <span
      style={{}}
    >
      ;

    </span>
    <span
      style={{}}
    >
      const dude = woah(
    </span>
    <span
      style={
        {
          "color": "#880000",
        }
      }
    >
      2
    </span>
    <span
      style={{}}
    >
      ) + 
    </span>
    <span
      style={
        {
          "color": "#880000",
        }
      }
    >
      3
    </span>
    <span
      style={{}}
    >
      ;

    </span>
    <span
      style={{}}
    />
    <span
      style={
        {
          "fontWeight": "bold",
        }
      }
    >
      function
    </span>
    <span
      style={{}}
    >
       
    </span>
    <span
      className="function_"
      style={
        {
          "color": "#880000",
          "fontWeight": "bold",
        }
      }
    >
      thisIsAFunction
    </span>
    <span
      style={{}}
    >
      (
    </span>
    <span
      style={{}}
    >
      ) {

    </span>
    <span
      style={{}}
    >
        
    </span>
    <span
      style={
        {
          "fontWeight": "bold",
        }
      }
    >
      return
    </span>
    <span
      style={{}}
    >
       [
    </span>
    <span
      style={
        {
          "color": "#880000",
        }
      }
    >
      1
    </span>
    <span
      style={{}}
    >
      ,
    </span>
    <span
      style={
        {
          "color": "#880000",
        }
      }
    >
      2
    </span>
    <span
      style={{}}
    >
      ,
    </span>
    <span
      style={
        {
          "color": "#880000",
        }
      }
    >
      3
    </span>
    <span
      style={{}}
    >
      ].
    </span>
    <span
      style={
        {
          "color": "#397300",
        }
      }
    >
      map
    </span>
    <span
      style={{}}
    >
      (
    </span>
    <span
      className="hljs-function"
      style={{}}
    >
      n
    </span>
    <span
      className="hljs-function"
      style={{}}
    >
       =&gt;
    </span>
    <span
      style={{}}
    >
       n + 
    </span>
    <span
      style={
        {
          "color": "#880000",
        }
      }
    >
      1
    </span>
    <span
      style={{}}
    >
      ).
    </span>
    <span
      style={
        {
          "color": "#397300",
        }
      }
    >
      filter
    </span>
    <span
      style={{}}
    >
      (n !== 
    </span>
    <span
      style={
        {
          "color": "#880000",
        }
      }
    >
      3
    </span>
    <span
      style={{}}
    >
      );

    </span>
    }

    <span
      style={{}}
    />
    <span
      style={
        {
          "color": "#397300",
        }
      }
    >
      console
    </span>
    <span
      style={{}}
    >
      .
    </span>
    <span
      style={
        {
          "color": "#397300",
        }
      }
    >
      log
    </span>
    <span
      style={{}}
    >
      (
    </span>
    <span
      style={
        {
          "color": "#880000",
        }
      }
    >
      'making up fake code is really hard'
    </span>
    <span
      style={{}}
    >
      );

    </span>
    

    <span
      style={{}}
    />
    <span
      style={
        {
          "fontWeight": "bold",
        }
      }
    >
      function
    </span>
    <span
      style={{}}
    >
       
    </span>
    <span
      className="function_"
      style={
        {
          "color": "#880000",
          "fontWeight": "bold",
        }
      }
    >
      itIs
    </span>
    <span
      style={{}}
    >
      (
    </span>
    <span
      style={{}}
    >
      ) {

    </span>
    <span
      style={{}}
    >
        
    </span>
    <span
      style={
        {
          "fontWeight": "bold",
        }
      }
    >
      return
    </span>
    <span
      style={{}}
    >
       
    </span>
    <span
      style={
        {
          "color": "#880000",
        }
      }
    >
      'no seriously really it is'
    </span>
    <span
      style={{}}
    >
      ;

    </span>
    }

  </code>
</pre>
`;
