// Jest Snapshot v1, https://goo.gl/fbAQLP

exports[`SyntaxHighlighter allows lineNumberStyle as function 1`] = `
<pre
  style={
    {
      "background": "#F3F3F3",
      "color": "#444",
    }
  }
>
  <code
    className="language-javascript"
    style={
      {
        "whiteSpace": "pre",
      }
    }
  >
    <span
      className="comment linenumber react-syntax-highlighter-line-number"
      style={
        {
          "color": "red",
          "display": "inline-block",
          "minWidth": "2.25em",
          "paddingRight": "1em",
          "textAlign": "right",
          "userSelect": "none",
        }
      }
    >
      1
    </span>
    <span
      style={
        {
          "fontWeight": "bold",
        }
      }
    >
      const
    </span>
    <span
      style={{}}
    >
       
    </span>
    <span
      className="function_"
      style={
        {
          "color": "#880000",
          "fontWeight": "bold",
        }
      }
    >
      woah
    </span>
    <span
      style={{}}
    >
       = fun =&gt; fun + 
    </span>
    <span
      style={
        {
          "color": "#880000",
        }
      }
    >
      1
    </span>
    <span
      style={{}}
    >
      ;

    </span>
    <span
      className="comment linenumber react-syntax-highlighter-line-number"
      style={
        {
          "color": "red",
          "display": "inline-block",
          "minWidth": "2.25em",
          "paddingRight": "1em",
          "textAlign": "right",
          "userSelect": "none",
        }
      }
    >
      2
    </span>
    <span
      style={{}}
    />
    <span
      style={
        {
          "fontWeight": "bold",
        }
      }
    >
      const
    </span>
    <span
      style={{}}
    >
       dude = 
    </span>
    <span
      className="function_"
      style={
        {
          "color": "#880000",
          "fontWeight": "bold",
        }
      }
    >
      woah
    </span>
    <span
      style={{}}
    >
      (
    </span>
    <span
      style={
        {
          "color": "#880000",
        }
      }
    >
      2
    </span>
    <span
      style={{}}
    >
      ) + 
    </span>
    <span
      style={
        {
          "color": "#880000",
        }
      }
    >
      3
    </span>
    <span
      style={{}}
    >
      ;

    </span>
    <span
      className="comment linenumber react-syntax-highlighter-line-number"
      style={
        {
          "color": "red",
          "display": "inline-block",
          "minWidth": "2.25em",
          "paddingRight": "1em",
          "textAlign": "right",
          "userSelect": "none",
        }
      }
    >
      3
    </span>
    <span
      style={{}}
    />
    <span
      style={
        {
          "fontWeight": "bold",
        }
      }
    >
      function
    </span>
    <span
      style={{}}
    >
       
    </span>
    <span
      className="function_"
      style={
        {
          "color": "#880000",
          "fontWeight": "bold",
        }
      }
    >
      thisIsAFunction
    </span>
    <span
      style={{}}
    >
      (
    </span>
    <span
      style={{}}
    >
      ) {

    </span>
    <span
      className="comment linenumber react-syntax-highlighter-line-number"
      style={
        {
          "color": "red",
          "display": "inline-block",
          "minWidth": "2.25em",
          "paddingRight": "1em",
          "textAlign": "right",
          "userSelect": "none",
        }
      }
    >
      4
    </span>
    <span
      style={{}}
    >
        
    </span>
    <span
      style={
        {
          "fontWeight": "bold",
        }
      }
    >
      return
    </span>
    <span
      style={{}}
    >
       [
    </span>
    <span
      style={
        {
          "color": "#880000",
        }
      }
    >
      1
    </span>
    <span
      style={{}}
    >
      ,
    </span>
    <span
      style={
        {
          "color": "#880000",
        }
      }
    >
      2
    </span>
    <span
      style={{}}
    >
      ,
    </span>
    <span
      style={
        {
          "color": "#880000",
        }
      }
    >
      3
    </span>
    <span
      style={{}}
    >
      ].
    </span>
    <span
      className="function_"
      style={
        {
          "color": "#880000",
          "fontWeight": "bold",
        }
      }
    >
      map
    </span>
    <span
      style={{}}
    >
      (
    </span>
    <span
      className="hljs-function"
      style={{}}
    >
      n
    </span>
    <span
      className="hljs-function"
      style={{}}
    >
       =&gt;
    </span>
    <span
      style={{}}
    >
       n + 
    </span>
    <span
      style={
        {
          "color": "#880000",
        }
      }
    >
      1
    </span>
    <span
      style={{}}
    >
      ).
    </span>
    <span
      className="function_"
      style={
        {
          "color": "#880000",
          "fontWeight": "bold",
        }
      }
    >
      filter
    </span>
    <span
      style={{}}
    >
      (n !== 
    </span>
    <span
      style={
        {
          "color": "#880000",
        }
      }
    >
      3
    </span>
    <span
      style={{}}
    >
      );

    </span>
    <span
      className="comment linenumber react-syntax-highlighter-line-number"
      style={
        {
          "color": "red",
          "display": "inline-block",
          "minWidth": "2.25em",
          "paddingRight": "1em",
          "textAlign": "right",
          "userSelect": "none",
        }
      }
    >
      5
    </span>
    }

    <span
      className="comment linenumber react-syntax-highlighter-line-number"
      style={
        {
          "color": "red",
          "display": "inline-block",
          "minWidth": "2.25em",
          "paddingRight": "1em",
          "textAlign": "right",
          "userSelect": "none",
        }
      }
    >
      6
    </span>
    <span
      style={{}}
    />
    <span
      className="language_"
      style={
        {
          "color": "#ab5656",
        }
      }
    >
      console
    </span>
    <span
      style={{}}
    >
      .
    </span>
    <span
      className="function_"
      style={
        {
          "color": "#880000",
          "fontWeight": "bold",
        }
      }
    >
      log
    </span>
    <span
      style={{}}
    >
      (
    </span>
    <span
      style={
        {
          "color": "#880000",
        }
      }
    >
      'making up fake code is really hard'
    </span>
    <span
      style={{}}
    >
      );

    </span>
    <span
      className="comment linenumber react-syntax-highlighter-line-number"
      style={
        {
          "color": "red",
          "display": "inline-block",
          "minWidth": "2.25em",
          "paddingRight": "1em",
          "textAlign": "right",
          "userSelect": "none",
        }
      }
    >
      7
    </span>
    

    <span
      className="comment linenumber react-syntax-highlighter-line-number"
      style={
        {
          "color": "red",
          "display": "inline-block",
          "minWidth": "2.25em",
          "paddingRight": "1em",
          "textAlign": "right",
          "userSelect": "none",
        }
      }
    >
      8
    </span>
    <span
      style={{}}
    />
    <span
      style={
        {
          "fontWeight": "bold",
        }
      }
    >
      function
    </span>
    <span
      style={{}}
    >
       
    </span>
    <span
      className="function_"
      style={
        {
          "color": "#880000",
          "fontWeight": "bold",
        }
      }
    >
      itIs
    </span>
    <span
      style={{}}
    >
      (
    </span>
    <span
      style={{}}
    >
      ) {

    </span>
    <span
      className="comment linenumber react-syntax-highlighter-line-number"
      style={
        {
          "color": "red",
          "display": "inline-block",
          "minWidth": "2.25em",
          "paddingRight": "1em",
          "textAlign": "right",
          "userSelect": "none",
        }
      }
    >
      9
    </span>
    <span
      style={{}}
    >
        
    </span>
    <span
      style={
        {
          "fontWeight": "bold",
        }
      }
    >
      return
    </span>
    <span
      style={{}}
    >
       
    </span>
    <span
      style={
        {
          "color": "#880000",
        }
      }
    >
      'no seriously really it is'
    </span>
    <span
      style={{}}
    >
      ;

    </span>
    <span
      className="comment linenumber react-syntax-highlighter-line-number"
      style={
        {
          "color": "red",
          "display": "inline-block",
          "minWidth": "2.25em",
          "paddingRight": "1em",
          "textAlign": "right",
          "userSelect": "none",
        }
      }
    >
      10
    </span>
    }

    <span
      className="comment linenumber react-syntax-highlighter-line-number"
      style={
        {
          "color": "red",
          "display": "inline-block",
          "minWidth": "2.25em",
          "paddingRight": "1em",
          "textAlign": "right",
          "userSelect": "none",
        }
      }
    >
      11
    </span>
  </code>
</pre>
`;

exports[`SyntaxHighlighter allows lineNumberStyle as function for inline line numbers 1`] = `
<pre
  style={
    {
      "background": "#F3F3F3",
      "color": "#444",
    }
  }
>
  <code
    className="language-javascript"
    style={
      {
        "whiteSpace": "pre",
      }
    }
  >
    <span
      className="comment linenumber react-syntax-highlighter-line-number"
      style={
        {
          "color": "red",
          "display": "inline-block",
          "minWidth": "2.25em",
          "paddingRight": "1em",
          "textAlign": "right",
          "userSelect": "none",
        }
      }
    >
      1
    </span>
    <span
      style={
        {
          "fontWeight": "bold",
        }
      }
    >
      const
    </span>
    <span
      style={{}}
    >
       
    </span>
    <span
      className="function_"
      style={
        {
          "color": "#880000",
          "fontWeight": "bold",
        }
      }
    >
      woah
    </span>
    <span
      style={{}}
    >
       = fun =&gt; fun + 
    </span>
    <span
      style={
        {
          "color": "#880000",
        }
      }
    >
      1
    </span>
    <span
      style={{}}
    >
      ;

    </span>
    <span
      className="comment linenumber react-syntax-highlighter-line-number"
      style={
        {
          "color": "red",
          "display": "inline-block",
          "minWidth": "2.25em",
          "paddingRight": "1em",
          "textAlign": "right",
          "userSelect": "none",
        }
      }
    >
      2
    </span>
    <span
      style={{}}
    />
    <span
      style={
        {
          "fontWeight": "bold",
        }
      }
    >
      const
    </span>
    <span
      style={{}}
    >
       dude = 
    </span>
    <span
      className="function_"
      style={
        {
          "color": "#880000",
          "fontWeight": "bold",
        }
      }
    >
      woah
    </span>
    <span
      style={{}}
    >
      (
    </span>
    <span
      style={
        {
          "color": "#880000",
        }
      }
    >
      2
    </span>
    <span
      style={{}}
    >
      ) + 
    </span>
    <span
      style={
        {
          "color": "#880000",
        }
      }
    >
      3
    </span>
    <span
      style={{}}
    >
      ;

    </span>
    <span
      className="comment linenumber react-syntax-highlighter-line-number"
      style={
        {
          "color": "red",
          "display": "inline-block",
          "minWidth": "2.25em",
          "paddingRight": "1em",
          "textAlign": "right",
          "userSelect": "none",
        }
      }
    >
      3
    </span>
    <span
      style={{}}
    />
    <span
      style={
        {
          "fontWeight": "bold",
        }
      }
    >
      function
    </span>
    <span
      style={{}}
    >
       
    </span>
    <span
      className="function_"
      style={
        {
          "color": "#880000",
          "fontWeight": "bold",
        }
      }
    >
      thisIsAFunction
    </span>
    <span
      style={{}}
    >
      (
    </span>
    <span
      style={{}}
    >
      ) {

    </span>
    <span
      className="comment linenumber react-syntax-highlighter-line-number"
      style={
        {
          "color": "red",
          "display": "inline-block",
          "minWidth": "2.25em",
          "paddingRight": "1em",
          "textAlign": "right",
          "userSelect": "none",
        }
      }
    >
      4
    </span>
    <span
      style={{}}
    >
        
    </span>
    <span
      style={
        {
          "fontWeight": "bold",
        }
      }
    >
      return
    </span>
    <span
      style={{}}
    >
       [
    </span>
    <span
      style={
        {
          "color": "#880000",
        }
      }
    >
      1
    </span>
    <span
      style={{}}
    >
      ,
    </span>
    <span
      style={
        {
          "color": "#880000",
        }
      }
    >
      2
    </span>
    <span
      style={{}}
    >
      ,
    </span>
    <span
      style={
        {
          "color": "#880000",
        }
      }
    >
      3
    </span>
    <span
      style={{}}
    >
      ].
    </span>
    <span
      className="function_"
      style={
        {
          "color": "#880000",
          "fontWeight": "bold",
        }
      }
    >
      map
    </span>
    <span
      style={{}}
    >
      (
    </span>
    <span
      className="hljs-function"
      style={{}}
    >
      n
    </span>
    <span
      className="hljs-function"
      style={{}}
    >
       =&gt;
    </span>
    <span
      style={{}}
    >
       n + 
    </span>
    <span
      style={
        {
          "color": "#880000",
        }
      }
    >
      1
    </span>
    <span
      style={{}}
    >
      ).
    </span>
    <span
      className="function_"
      style={
        {
          "color": "#880000",
          "fontWeight": "bold",
        }
      }
    >
      filter
    </span>
    <span
      style={{}}
    >
      (n !== 
    </span>
    <span
      style={
        {
          "color": "#880000",
        }
      }
    >
      3
    </span>
    <span
      style={{}}
    >
      );

    </span>
    <span
      className="comment linenumber react-syntax-highlighter-line-number"
      style={
        {
          "color": "red",
          "display": "inline-block",
          "minWidth": "2.25em",
          "paddingRight": "1em",
          "textAlign": "right",
          "userSelect": "none",
        }
      }
    >
      5
    </span>
    }

    <span
      className="comment linenumber react-syntax-highlighter-line-number"
      style={
        {
          "color": "red",
          "display": "inline-block",
          "minWidth": "2.25em",
          "paddingRight": "1em",
          "textAlign": "right",
          "userSelect": "none",
        }
      }
    >
      6
    </span>
    <span
      style={{}}
    />
    <span
      className="language_"
      style={
        {
          "color": "#ab5656",
        }
      }
    >
      console
    </span>
    <span
      style={{}}
    >
      .
    </span>
    <span
      className="function_"
      style={
        {
          "color": "#880000",
          "fontWeight": "bold",
        }
      }
    >
      log
    </span>
    <span
      style={{}}
    >
      (
    </span>
    <span
      style={
        {
          "color": "#880000",
        }
      }
    >
      'making up fake code is really hard'
    </span>
    <span
      style={{}}
    >
      );

    </span>
    <span
      className="comment linenumber react-syntax-highlighter-line-number"
      style={
        {
          "color": "red",
          "display": "inline-block",
          "minWidth": "2.25em",
          "paddingRight": "1em",
          "textAlign": "right",
          "userSelect": "none",
        }
      }
    >
      7
    </span>
    

    <span
      className="comment linenumber react-syntax-highlighter-line-number"
      style={
        {
          "color": "red",
          "display": "inline-block",
          "minWidth": "2.25em",
          "paddingRight": "1em",
          "textAlign": "right",
          "userSelect": "none",
        }
      }
    >
      8
    </span>
    <span
      style={{}}
    />
    <span
      style={
        {
          "fontWeight": "bold",
        }
      }
    >
      function
    </span>
    <span
      style={{}}
    >
       
    </span>
    <span
      className="function_"
      style={
        {
          "color": "#880000",
          "fontWeight": "bold",
        }
      }
    >
      itIs
    </span>
    <span
      style={{}}
    >
      (
    </span>
    <span
      style={{}}
    >
      ) {

    </span>
    <span
      className="comment linenumber react-syntax-highlighter-line-number"
      style={
        {
          "color": "red",
          "display": "inline-block",
          "minWidth": "2.25em",
          "paddingRight": "1em",
          "textAlign": "right",
          "userSelect": "none",
        }
      }
    >
      9
    </span>
    <span
      style={{}}
    >
        
    </span>
    <span
      style={
        {
          "fontWeight": "bold",
        }
      }
    >
      return
    </span>
    <span
      style={{}}
    >
       
    </span>
    <span
      style={
        {
          "color": "#880000",
        }
      }
    >
      'no seriously really it is'
    </span>
    <span
      style={{}}
    >
      ;

    </span>
    <span
      className="comment linenumber react-syntax-highlighter-line-number"
      style={
        {
          "color": "red",
          "display": "inline-block",
          "minWidth": "2.25em",
          "paddingRight": "1em",
          "textAlign": "right",
          "userSelect": "none",
        }
      }
    >
      10
    </span>
    }

    <span
      className="comment linenumber react-syntax-highlighter-line-number"
      style={
        {
          "color": "red",
          "display": "inline-block",
          "minWidth": "2.25em",
          "paddingRight": "1em",
          "textAlign": "right",
          "userSelect": "none",
        }
      }
    >
      11
    </span>
  </code>
</pre>
`;

exports[`SyntaxHighlighter allows lineNumberStyle as object 1`] = `
<pre
  style={
    {
      "background": "#F3F3F3",
      "color": "#444",
    }
  }
>
  <code
    className="language-javascript"
    style={
      {
        "whiteSpace": "pre",
      }
    }
  >
    <span
      className="comment linenumber react-syntax-highlighter-line-number"
      style={
        {
          "color": "red",
          "display": "inline-block",
          "minWidth": "2.25em",
          "paddingRight": "1em",
          "textAlign": "right",
          "userSelect": "none",
        }
      }
    >
      1
    </span>
    <span
      style={
        {
          "fontWeight": "bold",
        }
      }
    >
      const
    </span>
    <span
      style={{}}
    >
       
    </span>
    <span
      className="function_"
      style={
        {
          "color": "#880000",
          "fontWeight": "bold",
        }
      }
    >
      woah
    </span>
    <span
      style={{}}
    >
       = fun =&gt; fun + 
    </span>
    <span
      style={
        {
          "color": "#880000",
        }
      }
    >
      1
    </span>
    <span
      style={{}}
    >
      ;

    </span>
    <span
      className="comment linenumber react-syntax-highlighter-line-number"
      style={
        {
          "color": "red",
          "display": "inline-block",
          "minWidth": "2.25em",
          "paddingRight": "1em",
          "textAlign": "right",
          "userSelect": "none",
        }
      }
    >
      2
    </span>
    <span
      style={{}}
    />
    <span
      style={
        {
          "fontWeight": "bold",
        }
      }
    >
      const
    </span>
    <span
      style={{}}
    >
       dude = 
    </span>
    <span
      className="function_"
      style={
        {
          "color": "#880000",
          "fontWeight": "bold",
        }
      }
    >
      woah
    </span>
    <span
      style={{}}
    >
      (
    </span>
    <span
      style={
        {
          "color": "#880000",
        }
      }
    >
      2
    </span>
    <span
      style={{}}
    >
      ) + 
    </span>
    <span
      style={
        {
          "color": "#880000",
        }
      }
    >
      3
    </span>
    <span
      style={{}}
    >
      ;

    </span>
    <span
      className="comment linenumber react-syntax-highlighter-line-number"
      style={
        {
          "color": "red",
          "display": "inline-block",
          "minWidth": "2.25em",
          "paddingRight": "1em",
          "textAlign": "right",
          "userSelect": "none",
        }
      }
    >
      3
    </span>
    <span
      style={{}}
    />
    <span
      style={
        {
          "fontWeight": "bold",
        }
      }
    >
      function
    </span>
    <span
      style={{}}
    >
       
    </span>
    <span
      className="function_"
      style={
        {
          "color": "#880000",
          "fontWeight": "bold",
        }
      }
    >
      thisIsAFunction
    </span>
    <span
      style={{}}
    >
      (
    </span>
    <span
      style={{}}
    >
      ) {

    </span>
    <span
      className="comment linenumber react-syntax-highlighter-line-number"
      style={
        {
          "color": "red",
          "display": "inline-block",
          "minWidth": "2.25em",
          "paddingRight": "1em",
          "textAlign": "right",
          "userSelect": "none",
        }
      }
    >
      4
    </span>
    <span
      style={{}}
    >
        
    </span>
    <span
      style={
        {
          "fontWeight": "bold",
        }
      }
    >
      return
    </span>
    <span
      style={{}}
    >
       [
    </span>
    <span
      style={
        {
          "color": "#880000",
        }
      }
    >
      1
    </span>
    <span
      style={{}}
    >
      ,
    </span>
    <span
      style={
        {
          "color": "#880000",
        }
      }
    >
      2
    </span>
    <span
      style={{}}
    >
      ,
    </span>
    <span
      style={
        {
          "color": "#880000",
        }
      }
    >
      3
    </span>
    <span
      style={{}}
    >
      ].
    </span>
    <span
      className="function_"
      style={
        {
          "color": "#880000",
          "fontWeight": "bold",
        }
      }
    >
      map
    </span>
    <span
      style={{}}
    >
      (
    </span>
    <span
      className="hljs-function"
      style={{}}
    >
      n
    </span>
    <span
      className="hljs-function"
      style={{}}
    >
       =&gt;
    </span>
    <span
      style={{}}
    >
       n + 
    </span>
    <span
      style={
        {
          "color": "#880000",
        }
      }
    >
      1
    </span>
    <span
      style={{}}
    >
      ).
    </span>
    <span
      className="function_"
      style={
        {
          "color": "#880000",
          "fontWeight": "bold",
        }
      }
    >
      filter
    </span>
    <span
      style={{}}
    >
      (n !== 
    </span>
    <span
      style={
        {
          "color": "#880000",
        }
      }
    >
      3
    </span>
    <span
      style={{}}
    >
      );

    </span>
    <span
      className="comment linenumber react-syntax-highlighter-line-number"
      style={
        {
          "color": "red",
          "display": "inline-block",
          "minWidth": "2.25em",
          "paddingRight": "1em",
          "textAlign": "right",
          "userSelect": "none",
        }
      }
    >
      5
    </span>
    }

    <span
      className="comment linenumber react-syntax-highlighter-line-number"
      style={
        {
          "color": "red",
          "display": "inline-block",
          "minWidth": "2.25em",
          "paddingRight": "1em",
          "textAlign": "right",
          "userSelect": "none",
        }
      }
    >
      6
    </span>
    <span
      style={{}}
    />
    <span
      className="language_"
      style={
        {
          "color": "#ab5656",
        }
      }
    >
      console
    </span>
    <span
      style={{}}
    >
      .
    </span>
    <span
      className="function_"
      style={
        {
          "color": "#880000",
          "fontWeight": "bold",
        }
      }
    >
      log
    </span>
    <span
      style={{}}
    >
      (
    </span>
    <span
      style={
        {
          "color": "#880000",
        }
      }
    >
      'making up fake code is really hard'
    </span>
    <span
      style={{}}
    >
      );

    </span>
    <span
      className="comment linenumber react-syntax-highlighter-line-number"
      style={
        {
          "color": "red",
          "display": "inline-block",
          "minWidth": "2.25em",
          "paddingRight": "1em",
          "textAlign": "right",
          "userSelect": "none",
        }
      }
    >
      7
    </span>
    

    <span
      className="comment linenumber react-syntax-highlighter-line-number"
      style={
        {
          "color": "red",
          "display": "inline-block",
          "minWidth": "2.25em",
          "paddingRight": "1em",
          "textAlign": "right",
          "userSelect": "none",
        }
      }
    >
      8
    </span>
    <span
      style={{}}
    />
    <span
      style={
        {
          "fontWeight": "bold",
        }
      }
    >
      function
    </span>
    <span
      style={{}}
    >
       
    </span>
    <span
      className="function_"
      style={
        {
          "color": "#880000",
          "fontWeight": "bold",
        }
      }
    >
      itIs
    </span>
    <span
      style={{}}
    >
      (
    </span>
    <span
      style={{}}
    >
      ) {

    </span>
    <span
      className="comment linenumber react-syntax-highlighter-line-number"
      style={
        {
          "color": "red",
          "display": "inline-block",
          "minWidth": "2.25em",
          "paddingRight": "1em",
          "textAlign": "right",
          "userSelect": "none",
        }
      }
    >
      9
    </span>
    <span
      style={{}}
    >
        
    </span>
    <span
      style={
        {
          "fontWeight": "bold",
        }
      }
    >
      return
    </span>
    <span
      style={{}}
    >
       
    </span>
    <span
      style={
        {
          "color": "#880000",
        }
      }
    >
      'no seriously really it is'
    </span>
    <span
      style={{}}
    >
      ;

    </span>
    <span
      className="comment linenumber react-syntax-highlighter-line-number"
      style={
        {
          "color": "red",
          "display": "inline-block",
          "minWidth": "2.25em",
          "paddingRight": "1em",
          "textAlign": "right",
          "userSelect": "none",
        }
      }
    >
      10
    </span>
    }

    <span
      className="comment linenumber react-syntax-highlighter-line-number"
      style={
        {
          "color": "red",
          "display": "inline-block",
          "minWidth": "2.25em",
          "paddingRight": "1em",
          "textAlign": "right",
          "userSelect": "none",
        }
      }
    >
      11
    </span>
  </code>
</pre>
`;

exports[`SyntaxHighlighter component does not render line numbers if showInlineNumbers === true && showLineNumbers === undefined 1`] = `
<pre
  style={
    {
      "background": "#F3F3F3",
      "color": "#444",
    }
  }
>
  <code
    className="language-javascript"
    style={
      {
        "whiteSpace": "pre",
      }
    }
  >
    <span
      style={
        {
          "fontWeight": "bold",
        }
      }
    >
      const
    </span>
    <span
      style={{}}
    >
       
    </span>
    <span
      className="function_"
      style={
        {
          "color": "#880000",
          "fontWeight": "bold",
        }
      }
    >
      woah
    </span>
    <span
      style={{}}
    >
       = fun =&gt; fun + 
    </span>
    <span
      style={
        {
          "color": "#880000",
        }
      }
    >
      1
    </span>
    <span
      style={{}}
    >
      ;

    </span>
    <span
      style={{}}
    />
    <span
      style={
        {
          "fontWeight": "bold",
        }
      }
    >
      const
    </span>
    <span
      style={{}}
    >
       dude = 
    </span>
    <span
      className="function_"
      style={
        {
          "color": "#880000",
          "fontWeight": "bold",
        }
      }
    >
      woah
    </span>
    <span
      style={{}}
    >
      (
    </span>
    <span
      style={
        {
          "color": "#880000",
        }
      }
    >
      2
    </span>
    <span
      style={{}}
    >
      ) + 
    </span>
    <span
      style={
        {
          "color": "#880000",
        }
      }
    >
      3
    </span>
    <span
      style={{}}
    >
      ;

    </span>
    <span
      style={{}}
    />
    <span
      style={
        {
          "fontWeight": "bold",
        }
      }
    >
      function
    </span>
    <span
      style={{}}
    >
       
    </span>
    <span
      className="function_"
      style={
        {
          "color": "#880000",
          "fontWeight": "bold",
        }
      }
    >
      thisIsAFunction
    </span>
    <span
      style={{}}
    >
      (
    </span>
    <span
      style={{}}
    >
      ) {

    </span>
    <span
      style={{}}
    >
        
    </span>
    <span
      style={
        {
          "fontWeight": "bold",
        }
      }
    >
      return
    </span>
    <span
      style={{}}
    >
       [
    </span>
    <span
      style={
        {
          "color": "#880000",
        }
      }
    >
      1
    </span>
    <span
      style={{}}
    >
      ,
    </span>
    <span
      style={
        {
          "color": "#880000",
        }
      }
    >
      2
    </span>
    <span
      style={{}}
    >
      ,
    </span>
    <span
      style={
        {
          "color": "#880000",
        }
      }
    >
      3
    </span>
    <span
      style={{}}
    >
      ].
    </span>
    <span
      className="function_"
      style={
        {
          "color": "#880000",
          "fontWeight": "bold",
        }
      }
    >
      map
    </span>
    <span
      style={{}}
    >
      (
    </span>
    <span
      className="hljs-function"
      style={{}}
    >
      n
    </span>
    <span
      className="hljs-function"
      style={{}}
    >
       =&gt;
    </span>
    <span
      style={{}}
    >
       n + 
    </span>
    <span
      style={
        {
          "color": "#880000",
        }
      }
    >
      1
    </span>
    <span
      style={{}}
    >
      ).
    </span>
    <span
      className="function_"
      style={
        {
          "color": "#880000",
          "fontWeight": "bold",
        }
      }
    >
      filter
    </span>
    <span
      style={{}}
    >
      (n !== 
    </span>
    <span
      style={
        {
          "color": "#880000",
        }
      }
    >
      3
    </span>
    <span
      style={{}}
    >
      );

    </span>
    }

    <span
      style={{}}
    />
    <span
      className="language_"
      style={
        {
          "color": "#ab5656",
        }
      }
    >
      console
    </span>
    <span
      style={{}}
    >
      .
    </span>
    <span
      className="function_"
      style={
        {
          "color": "#880000",
          "fontWeight": "bold",
        }
      }
    >
      log
    </span>
    <span
      style={{}}
    >
      (
    </span>
    <span
      style={
        {
          "color": "#880000",
        }
      }
    >
      'making up fake code is really hard'
    </span>
    <span
      style={{}}
    >
      );

    </span>
    

    <span
      style={{}}
    />
    <span
      style={
        {
          "fontWeight": "bold",
        }
      }
    >
      function
    </span>
    <span
      style={{}}
    >
       
    </span>
    <span
      className="function_"
      style={
        {
          "color": "#880000",
          "fontWeight": "bold",
        }
      }
    >
      itIs
    </span>
    <span
      style={{}}
    >
      (
    </span>
    <span
      style={{}}
    >
      ) {

    </span>
    <span
      style={{}}
    >
        
    </span>
    <span
      style={
        {
          "fontWeight": "bold",
        }
      }
    >
      return
    </span>
    <span
      style={{}}
    >
       
    </span>
    <span
      style={
        {
          "color": "#880000",
        }
      }
    >
      'no seriously really it is'
    </span>
    <span
      style={{}}
    >
      ;

    </span>
    }

  </code>
</pre>
`;

exports[`SyntaxHighlighter component does not render line numbers if showLineNumbers === undefined 1`] = `
<pre
  style={
    {
      "background": "#F3F3F3",
      "color": "#444",
    }
  }
>
  <code
    className="language-javascript"
    style={
      {
        "whiteSpace": "pre",
      }
    }
  >
    <span
      style={
        {
          "fontWeight": "bold",
        }
      }
    >
      const
    </span>
    <span
      style={{}}
    >
       
    </span>
    <span
      className="function_"
      style={
        {
          "color": "#880000",
          "fontWeight": "bold",
        }
      }
    >
      woah
    </span>
    <span
      style={{}}
    >
       = fun =&gt; fun + 
    </span>
    <span
      style={
        {
          "color": "#880000",
        }
      }
    >
      1
    </span>
    <span
      style={{}}
    >
      ;

    </span>
    <span
      style={{}}
    />
    <span
      style={
        {
          "fontWeight": "bold",
        }
      }
    >
      const
    </span>
    <span
      style={{}}
    >
       dude = 
    </span>
    <span
      className="function_"
      style={
        {
          "color": "#880000",
          "fontWeight": "bold",
        }
      }
    >
      woah
    </span>
    <span
      style={{}}
    >
      (
    </span>
    <span
      style={
        {
          "color": "#880000",
        }
      }
    >
      2
    </span>
    <span
      style={{}}
    >
      ) + 
    </span>
    <span
      style={
        {
          "color": "#880000",
        }
      }
    >
      3
    </span>
    <span
      style={{}}
    >
      ;

    </span>
    <span
      style={{}}
    />
    <span
      style={
        {
          "fontWeight": "bold",
        }
      }
    >
      function
    </span>
    <span
      style={{}}
    >
       
    </span>
    <span
      className="function_"
      style={
        {
          "color": "#880000",
          "fontWeight": "bold",
        }
      }
    >
      thisIsAFunction
    </span>
    <span
      style={{}}
    >
      (
    </span>
    <span
      style={{}}
    >
      ) {

    </span>
    <span
      style={{}}
    >
        
    </span>
    <span
      style={
        {
          "fontWeight": "bold",
        }
      }
    >
      return
    </span>
    <span
      style={{}}
    >
       [
    </span>
    <span
      style={
        {
          "color": "#880000",
        }
      }
    >
      1
    </span>
    <span
      style={{}}
    >
      ,
    </span>
    <span
      style={
        {
          "color": "#880000",
        }
      }
    >
      2
    </span>
    <span
      style={{}}
    >
      ,
    </span>
    <span
      style={
        {
          "color": "#880000",
        }
      }
    >
      3
    </span>
    <span
      style={{}}
    >
      ].
    </span>
    <span
      className="function_"
      style={
        {
          "color": "#880000",
          "fontWeight": "bold",
        }
      }
    >
      map
    </span>
    <span
      style={{}}
    >
      (
    </span>
    <span
      className="hljs-function"
      style={{}}
    >
      n
    </span>
    <span
      className="hljs-function"
      style={{}}
    >
       =&gt;
    </span>
    <span
      style={{}}
    >
       n + 
    </span>
    <span
      style={
        {
          "color": "#880000",
        }
      }
    >
      1
    </span>
    <span
      style={{}}
    >
      ).
    </span>
    <span
      className="function_"
      style={
        {
          "color": "#880000",
          "fontWeight": "bold",
        }
      }
    >
      filter
    </span>
    <span
      style={{}}
    >
      (n !== 
    </span>
    <span
      style={
        {
          "color": "#880000",
        }
      }
    >
      3
    </span>
    <span
      style={{}}
    >
      );

    </span>
    }

    <span
      style={{}}
    />
    <span
      className="language_"
      style={
        {
          "color": "#ab5656",
        }
      }
    >
      console
    </span>
    <span
      style={{}}
    >
      .
    </span>
    <span
      className="function_"
      style={
        {
          "color": "#880000",
          "fontWeight": "bold",
        }
      }
    >
      log
    </span>
    <span
      style={{}}
    >
      (
    </span>
    <span
      style={
        {
          "color": "#880000",
        }
      }
    >
      'making up fake code is really hard'
    </span>
    <span
      style={{}}
    >
      );

    </span>
    

    <span
      style={{}}
    />
    <span
      style={
        {
          "fontWeight": "bold",
        }
      }
    >
      function
    </span>
    <span
      style={{}}
    >
       
    </span>
    <span
      className="function_"
      style={
        {
          "color": "#880000",
          "fontWeight": "bold",
        }
      }
    >
      itIs
    </span>
    <span
      style={{}}
    >
      (
    </span>
    <span
      style={{}}
    >
      ) {

    </span>
    <span
      style={{}}
    >
        
    </span>
    <span
      style={
        {
          "fontWeight": "bold",
        }
      }
    >
      return
    </span>
    <span
      style={{}}
    >
       
    </span>
    <span
      style={
        {
          "color": "#880000",
        }
      }
    >
      'no seriously really it is'
    </span>
    <span
      style={{}}
    >
      ;

    </span>
    }

  </code>
</pre>
`;

exports[`SyntaxHighlighter component renders correctly 1`] = `
<pre
  style={
    {
      "background": "#F3F3F3",
      "color": "#444",
    }
  }
>
  <code
    className="language-javascript"
    style={
      {
        "whiteSpace": "pre",
      }
    }
  >
    <span
      className="comment linenumber react-syntax-highlighter-line-number"
      style={
        {
          "display": "inline-block",
          "minWidth": "2.25em",
          "paddingRight": "1em",
          "textAlign": "right",
          "userSelect": "none",
        }
      }
    >
      1
    </span>
    <span
      style={
        {
          "fontWeight": "bold",
        }
      }
    >
      const
    </span>
    <span
      style={{}}
    >
       
    </span>
    <span
      className="function_"
      style={
        {
          "color": "#880000",
          "fontWeight": "bold",
        }
      }
    >
      woah
    </span>
    <span
      style={{}}
    >
       = fun =&gt; fun + 
    </span>
    <span
      style={
        {
          "color": "#880000",
        }
      }
    >
      1
    </span>
    <span
      style={{}}
    >
      ;

    </span>
    <span
      className="comment linenumber react-syntax-highlighter-line-number"
      style={
        {
          "display": "inline-block",
          "minWidth": "2.25em",
          "paddingRight": "1em",
          "textAlign": "right",
          "userSelect": "none",
        }
      }
    >
      2
    </span>
    <span
      style={{}}
    />
    <span
      style={
        {
          "fontWeight": "bold",
        }
      }
    >
      const
    </span>
    <span
      style={{}}
    >
       dude = 
    </span>
    <span
      className="function_"
      style={
        {
          "color": "#880000",
          "fontWeight": "bold",
        }
      }
    >
      woah
    </span>
    <span
      style={{}}
    >
      (
    </span>
    <span
      style={
        {
          "color": "#880000",
        }
      }
    >
      2
    </span>
    <span
      style={{}}
    >
      ) + 
    </span>
    <span
      style={
        {
          "color": "#880000",
        }
      }
    >
      3
    </span>
    <span
      style={{}}
    >
      ;

    </span>
    <span
      className="comment linenumber react-syntax-highlighter-line-number"
      style={
        {
          "display": "inline-block",
          "minWidth": "2.25em",
          "paddingRight": "1em",
          "textAlign": "right",
          "userSelect": "none",
        }
      }
    >
      3
    </span>
    <span
      style={{}}
    />
    <span
      style={
        {
          "fontWeight": "bold",
        }
      }
    >
      function
    </span>
    <span
      style={{}}
    >
       
    </span>
    <span
      className="function_"
      style={
        {
          "color": "#880000",
          "fontWeight": "bold",
        }
      }
    >
      thisIsAFunction
    </span>
    <span
      style={{}}
    >
      (
    </span>
    <span
      style={{}}
    >
      ) {

    </span>
    <span
      className="comment linenumber react-syntax-highlighter-line-number"
      style={
        {
          "display": "inline-block",
          "minWidth": "2.25em",
          "paddingRight": "1em",
          "textAlign": "right",
          "userSelect": "none",
        }
      }
    >
      4
    </span>
    <span
      style={{}}
    >
        
    </span>
    <span
      style={
        {
          "fontWeight": "bold",
        }
      }
    >
      return
    </span>
    <span
      style={{}}
    >
       [
    </span>
    <span
      style={
        {
          "color": "#880000",
        }
      }
    >
      1
    </span>
    <span
      style={{}}
    >
      ,
    </span>
    <span
      style={
        {
          "color": "#880000",
        }
      }
    >
      2
    </span>
    <span
      style={{}}
    >
      ,
    </span>
    <span
      style={
        {
          "color": "#880000",
        }
      }
    >
      3
    </span>
    <span
      style={{}}
    >
      ].
    </span>
    <span
      className="function_"
      style={
        {
          "color": "#880000",
          "fontWeight": "bold",
        }
      }
    >
      map
    </span>
    <span
      style={{}}
    >
      (
    </span>
    <span
      className="hljs-function"
      style={{}}
    >
      n
    </span>
    <span
      className="hljs-function"
      style={{}}
    >
       =&gt;
    </span>
    <span
      style={{}}
    >
       n + 
    </span>
    <span
      style={
        {
          "color": "#880000",
        }
      }
    >
      1
    </span>
    <span
      style={{}}
    >
      ).
    </span>
    <span
      className="function_"
      style={
        {
          "color": "#880000",
          "fontWeight": "bold",
        }
      }
    >
      filter
    </span>
    <span
      style={{}}
    >
      (n !== 
    </span>
    <span
      style={
        {
          "color": "#880000",
        }
      }
    >
      3
    </span>
    <span
      style={{}}
    >
      );

    </span>
    <span
      className="comment linenumber react-syntax-highlighter-line-number"
      style={
        {
          "display": "inline-block",
          "minWidth": "2.25em",
          "paddingRight": "1em",
          "textAlign": "right",
          "userSelect": "none",
        }
      }
    >
      5
    </span>
    }

    <span
      className="comment linenumber react-syntax-highlighter-line-number"
      style={
        {
          "display": "inline-block",
          "minWidth": "2.25em",
          "paddingRight": "1em",
          "textAlign": "right",
          "userSelect": "none",
        }
      }
    >
      6
    </span>
    <span
      style={{}}
    />
    <span
      className="language_"
      style={
        {
          "color": "#ab5656",
        }
      }
    >
      console
    </span>
    <span
      style={{}}
    >
      .
    </span>
    <span
      className="function_"
      style={
        {
          "color": "#880000",
          "fontWeight": "bold",
        }
      }
    >
      log
    </span>
    <span
      style={{}}
    >
      (
    </span>
    <span
      style={
        {
          "color": "#880000",
        }
      }
    >
      'making up fake code is really hard'
    </span>
    <span
      style={{}}
    >
      );

    </span>
    <span
      className="comment linenumber react-syntax-highlighter-line-number"
      style={
        {
          "display": "inline-block",
          "minWidth": "2.25em",
          "paddingRight": "1em",
          "textAlign": "right",
          "userSelect": "none",
        }
      }
    >
      7
    </span>
    

    <span
      className="comment linenumber react-syntax-highlighter-line-number"
      style={
        {
          "display": "inline-block",
          "minWidth": "2.25em",
          "paddingRight": "1em",
          "textAlign": "right",
          "userSelect": "none",
        }
      }
    >
      8
    </span>
    <span
      style={{}}
    />
    <span
      style={
        {
          "fontWeight": "bold",
        }
      }
    >
      function
    </span>
    <span
      style={{}}
    >
       
    </span>
    <span
      className="function_"
      style={
        {
          "color": "#880000",
          "fontWeight": "bold",
        }
      }
    >
      itIs
    </span>
    <span
      style={{}}
    >
      (
    </span>
    <span
      style={{}}
    >
      ) {

    </span>
    <span
      className="comment linenumber react-syntax-highlighter-line-number"
      style={
        {
          "display": "inline-block",
          "minWidth": "2.25em",
          "paddingRight": "1em",
          "textAlign": "right",
          "userSelect": "none",
        }
      }
    >
      9
    </span>
    <span
      style={{}}
    >
        
    </span>
    <span
      style={
        {
          "fontWeight": "bold",
        }
      }
    >
      return
    </span>
    <span
      style={{}}
    >
       
    </span>
    <span
      style={
        {
          "color": "#880000",
        }
      }
    >
      'no seriously really it is'
    </span>
    <span
      style={{}}
    >
      ;

    </span>
    <span
      className="comment linenumber react-syntax-highlighter-line-number"
      style={
        {
          "display": "inline-block",
          "minWidth": "2.25em",
          "paddingRight": "1em",
          "textAlign": "right",
          "userSelect": "none",
        }
      }
    >
      10
    </span>
    }

    <span
      className="comment linenumber react-syntax-highlighter-line-number"
      style={
        {
          "display": "inline-block",
          "minWidth": "2.25em",
          "paddingRight": "1em",
          "textAlign": "right",
          "userSelect": "none",
        }
      }
    >
      11
    </span>
  </code>
</pre>
`;

exports[`SyntaxHighlighter component renders line numbers if showLineNumbers === true 1`] = `
<pre
  style={
    {
      "background": "#F3F3F3",
      "color": "#444",
    }
  }
>
  <code
    className="language-javascript"
    style={
      {
        "whiteSpace": "pre",
      }
    }
  >
    <span
      className="comment linenumber react-syntax-highlighter-line-number"
      style={
        {
          "display": "inline-block",
          "minWidth": "2.25em",
          "paddingRight": "1em",
          "textAlign": "right",
          "userSelect": "none",
        }
      }
    >
      1
    </span>
    <span
      style={
        {
          "fontWeight": "bold",
        }
      }
    >
      const
    </span>
    <span
      style={{}}
    >
       
    </span>
    <span
      className="function_"
      style={
        {
          "color": "#880000",
          "fontWeight": "bold",
        }
      }
    >
      woah
    </span>
    <span
      style={{}}
    >
       = fun =&gt; fun + 
    </span>
    <span
      style={
        {
          "color": "#880000",
        }
      }
    >
      1
    </span>
    <span
      style={{}}
    >
      ;

    </span>
    <span
      className="comment linenumber react-syntax-highlighter-line-number"
      style={
        {
          "display": "inline-block",
          "minWidth": "2.25em",
          "paddingRight": "1em",
          "textAlign": "right",
          "userSelect": "none",
        }
      }
    >
      2
    </span>
    <span
      style={{}}
    />
    <span
      style={
        {
          "fontWeight": "bold",
        }
      }
    >
      const
    </span>
    <span
      style={{}}
    >
       dude = 
    </span>
    <span
      className="function_"
      style={
        {
          "color": "#880000",
          "fontWeight": "bold",
        }
      }
    >
      woah
    </span>
    <span
      style={{}}
    >
      (
    </span>
    <span
      style={
        {
          "color": "#880000",
        }
      }
    >
      2
    </span>
    <span
      style={{}}
    >
      ) + 
    </span>
    <span
      style={
        {
          "color": "#880000",
        }
      }
    >
      3
    </span>
    <span
      style={{}}
    >
      ;

    </span>
    <span
      className="comment linenumber react-syntax-highlighter-line-number"
      style={
        {
          "display": "inline-block",
          "minWidth": "2.25em",
          "paddingRight": "1em",
          "textAlign": "right",
          "userSelect": "none",
        }
      }
    >
      3
    </span>
    <span
      style={{}}
    />
    <span
      style={
        {
          "fontWeight": "bold",
        }
      }
    >
      function
    </span>
    <span
      style={{}}
    >
       
    </span>
    <span
      className="function_"
      style={
        {
          "color": "#880000",
          "fontWeight": "bold",
        }
      }
    >
      thisIsAFunction
    </span>
    <span
      style={{}}
    >
      (
    </span>
    <span
      style={{}}
    >
      ) {

    </span>
    <span
      className="comment linenumber react-syntax-highlighter-line-number"
      style={
        {
          "display": "inline-block",
          "minWidth": "2.25em",
          "paddingRight": "1em",
          "textAlign": "right",
          "userSelect": "none",
        }
      }
    >
      4
    </span>
    <span
      style={{}}
    >
        
    </span>
    <span
      style={
        {
          "fontWeight": "bold",
        }
      }
    >
      return
    </span>
    <span
      style={{}}
    >
       [
    </span>
    <span
      style={
        {
          "color": "#880000",
        }
      }
    >
      1
    </span>
    <span
      style={{}}
    >
      ,
    </span>
    <span
      style={
        {
          "color": "#880000",
        }
      }
    >
      2
    </span>
    <span
      style={{}}
    >
      ,
    </span>
    <span
      style={
        {
          "color": "#880000",
        }
      }
    >
      3
    </span>
    <span
      style={{}}
    >
      ].
    </span>
    <span
      className="function_"
      style={
        {
          "color": "#880000",
          "fontWeight": "bold",
        }
      }
    >
      map
    </span>
    <span
      style={{}}
    >
      (
    </span>
    <span
      className="hljs-function"
      style={{}}
    >
      n
    </span>
    <span
      className="hljs-function"
      style={{}}
    >
       =&gt;
    </span>
    <span
      style={{}}
    >
       n + 
    </span>
    <span
      style={
        {
          "color": "#880000",
        }
      }
    >
      1
    </span>
    <span
      style={{}}
    >
      ).
    </span>
    <span
      className="function_"
      style={
        {
          "color": "#880000",
          "fontWeight": "bold",
        }
      }
    >
      filter
    </span>
    <span
      style={{}}
    >
      (n !== 
    </span>
    <span
      style={
        {
          "color": "#880000",
        }
      }
    >
      3
    </span>
    <span
      style={{}}
    >
      );

    </span>
    <span
      className="comment linenumber react-syntax-highlighter-line-number"
      style={
        {
          "display": "inline-block",
          "minWidth": "2.25em",
          "paddingRight": "1em",
          "textAlign": "right",
          "userSelect": "none",
        }
      }
    >
      5
    </span>
    }

    <span
      className="comment linenumber react-syntax-highlighter-line-number"
      style={
        {
          "display": "inline-block",
          "minWidth": "2.25em",
          "paddingRight": "1em",
          "textAlign": "right",
          "userSelect": "none",
        }
      }
    >
      6
    </span>
    <span
      style={{}}
    />
    <span
      className="language_"
      style={
        {
          "color": "#ab5656",
        }
      }
    >
      console
    </span>
    <span
      style={{}}
    >
      .
    </span>
    <span
      className="function_"
      style={
        {
          "color": "#880000",
          "fontWeight": "bold",
        }
      }
    >
      log
    </span>
    <span
      style={{}}
    >
      (
    </span>
    <span
      style={
        {
          "color": "#880000",
        }
      }
    >
      'making up fake code is really hard'
    </span>
    <span
      style={{}}
    >
      );

    </span>
    <span
      className="comment linenumber react-syntax-highlighter-line-number"
      style={
        {
          "display": "inline-block",
          "minWidth": "2.25em",
          "paddingRight": "1em",
          "textAlign": "right",
          "userSelect": "none",
        }
      }
    >
      7
    </span>
    

    <span
      className="comment linenumber react-syntax-highlighter-line-number"
      style={
        {
          "display": "inline-block",
          "minWidth": "2.25em",
          "paddingRight": "1em",
          "textAlign": "right",
          "userSelect": "none",
        }
      }
    >
      8
    </span>
    <span
      style={{}}
    />
    <span
      style={
        {
          "fontWeight": "bold",
        }
      }
    >
      function
    </span>
    <span
      style={{}}
    >
       
    </span>
    <span
      className="function_"
      style={
        {
          "color": "#880000",
          "fontWeight": "bold",
        }
      }
    >
      itIs
    </span>
    <span
      style={{}}
    >
      (
    </span>
    <span
      style={{}}
    >
      ) {

    </span>
    <span
      className="comment linenumber react-syntax-highlighter-line-number"
      style={
        {
          "display": "inline-block",
          "minWidth": "2.25em",
          "paddingRight": "1em",
          "textAlign": "right",
          "userSelect": "none",
        }
      }
    >
      9
    </span>
    <span
      style={{}}
    >
        
    </span>
    <span
      style={
        {
          "fontWeight": "bold",
        }
      }
    >
      return
    </span>
    <span
      style={{}}
    >
       
    </span>
    <span
      style={
        {
          "color": "#880000",
        }
      }
    >
      'no seriously really it is'
    </span>
    <span
      style={{}}
    >
      ;

    </span>
    <span
      className="comment linenumber react-syntax-highlighter-line-number"
      style={
        {
          "display": "inline-block",
          "minWidth": "2.25em",
          "paddingRight": "1em",
          "textAlign": "right",
          "userSelect": "none",
        }
      }
    >
      10
    </span>
    }

    <span
      className="comment linenumber react-syntax-highlighter-line-number"
      style={
        {
          "display": "inline-block",
          "minWidth": "2.25em",
          "paddingRight": "1em",
          "textAlign": "right",
          "userSelect": "none",
        }
      }
    >
      11
    </span>
  </code>
</pre>
`;
