// Jest Snapshot v1, https://goo.gl/fbAQLP

exports[`Syntaxhighliter correctly renders multi-line comments in arduino language 1`] = `
<pre
  style={
    {
      "background": "#F3F3F3",
      "color": "#444",
    }
  }
>
  <code
    className="language-arduino"
    style={
      {
        "whiteSpace": "pre",
      }
    }
  >
    <span
      style={{}}
    >
      

    </span>
    <span
      style={{}}
    />
    <span
      style={
        {
          "color": "#697070",
        }
      }
    >
      /* This is a multi-

    </span>
    <span
      style={
        {
          "color": "#697070",
        }
      }
    >
         line comment. 

    </span>
    <span
      style={
        {
          "color": "#697070",
        }
      }
    >
      */
    </span>
    <span
      style={{}}
    >
      

    </span>
    

    <span
      style={{}}
    />
    <span
      className="hljs-function"
      style={
        {
          "color": "#880000",
        }
      }
    >
      void
    </span>
    <span
      className="hljs-function"
      style={{}}
    >
       
    </span>
    <span
      className="hljs-function"
      style={
        {
          "color": "#880000",
          "fontWeight": "bold",
        }
      }
    >
      setup
    </span>
    <span
      className="hljs-function"
      style={{}}
    >
      ()
    </span>
    <span
      className="hljs-function"
      style={{}}
    >
       
    </span>
    <span
      style={{}}
    >
      {

    </span>
    }

    

    <span
      style={{}}
    />
    <span
      className="hljs-function"
      style={
        {
          "color": "#880000",
        }
      }
    >
      void
    </span>
    <span
      className="hljs-function"
      style={{}}
    >
       
    </span>
    <span
      className="hljs-function"
      style={
        {
          "color": "#880000",
          "fontWeight": "bold",
        }
      }
    >
      loop
    </span>
    <span
      className="hljs-function"
      style={{}}
    >
      ()
    </span>
    <span
      className="hljs-function"
      style={{}}
    >
       
    </span>
    <span
      style={{}}
    >
      {

    </span>
    }

  </code>
</pre>
`;
