// Jest Snapshot v1, https://goo.gl/fbAQLP

exports[`SyntaxHighlighter component renders correctly 1`] = `
<pre
  style={
    {
      "background": "#F3F3F3",
      "color": "#444",
    }
  }
>
  <code
    className="language-javascript"
    style={
      {
        "whiteSpace": "pre",
      }
    }
  >
    <span
      style={
        {
          "fontWeight": "bold",
        }
      }
    >
      const
    </span>
    <span
      style={{}}
    >
       
    </span>
    <span
      className="function_"
      style={
        {
          "color": "#880000",
          "fontWeight": "bold",
        }
      }
    >
      woah
    </span>
    <span
      style={{}}
    >
       = fun =&gt; fun + 
    </span>
    <span
      style={
        {
          "color": "#880000",
        }
      }
    >
      1
    </span>
    <span
      style={{}}
    >
      ;

    </span>
    <span
      style={{}}
    />
    <span
      style={
        {
          "fontWeight": "bold",
        }
      }
    >
      const
    </span>
    <span
      style={{}}
    >
       dude = 
    </span>
    <span
      className="function_"
      style={
        {
          "color": "#880000",
          "fontWeight": "bold",
        }
      }
    >
      woah
    </span>
    <span
      style={{}}
    >
      (
    </span>
    <span
      style={
        {
          "color": "#880000",
        }
      }
    >
      2
    </span>
    <span
      style={{}}
    >
      ) + 
    </span>
    <span
      style={
        {
          "color": "#880000",
        }
      }
    >
      3
    </span>
    <span
      style={{}}
    >
      ;

    </span>
    <span
      style={{}}
    />
    <span
      style={
        {
          "fontWeight": "bold",
        }
      }
    >
      function
    </span>
    <span
      style={{}}
    >
       
    </span>
    <span
      className="function_"
      style={
        {
          "color": "#880000",
          "fontWeight": "bold",
        }
      }
    >
      thisIsAFunction
    </span>
    <span
      style={{}}
    >
      (
    </span>
    <span
      style={{}}
    >
      ) {

    </span>
    <span
      style={{}}
    >
        
    </span>
    <span
      style={
        {
          "fontWeight": "bold",
        }
      }
    >
      return
    </span>
    <span
      style={{}}
    >
       [
    </span>
    <span
      style={
        {
          "color": "#880000",
        }
      }
    >
      1
    </span>
    <span
      style={{}}
    >
      ,
    </span>
    <span
      style={
        {
          "color": "#880000",
        }
      }
    >
      2
    </span>
    <span
      style={{}}
    >
      ,
    </span>
    <span
      style={
        {
          "color": "#880000",
        }
      }
    >
      3
    </span>
    <span
      style={{}}
    >
      ].
    </span>
    <span
      className="function_"
      style={
        {
          "color": "#880000",
          "fontWeight": "bold",
        }
      }
    >
      map
    </span>
    <span
      style={{}}
    >
      (
    </span>
    <span
      className="hljs-function"
      style={{}}
    >
      n
    </span>
    <span
      className="hljs-function"
      style={{}}
    >
       =&gt;
    </span>
    <span
      style={{}}
    >
       n + 
    </span>
    <span
      style={
        {
          "color": "#880000",
        }
      }
    >
      1
    </span>
    <span
      style={{}}
    >
      ).
    </span>
    <span
      className="function_"
      style={
        {
          "color": "#880000",
          "fontWeight": "bold",
        }
      }
    >
      filter
    </span>
    <span
      style={{}}
    >
      (n !== 
    </span>
    <span
      style={
        {
          "color": "#880000",
        }
      }
    >
      3
    </span>
    <span
      style={{}}
    >
      );

    </span>
    }

    <span
      style={{}}
    />
    <span
      className="language_"
      style={
        {
          "color": "#ab5656",
        }
      }
    >
      console
    </span>
    <span
      style={{}}
    >
      .
    </span>
    <span
      className="function_"
      style={
        {
          "color": "#880000",
          "fontWeight": "bold",
        }
      }
    >
      log
    </span>
    <span
      style={{}}
    >
      (
    </span>
    <span
      style={
        {
          "color": "#880000",
        }
      }
    >
      'making up fake code is really hard'
    </span>
    <span
      style={{}}
    >
      );

    </span>
    

    <span
      style={{}}
    />
    <span
      style={
        {
          "fontWeight": "bold",
        }
      }
    >
      function
    </span>
    <span
      style={{}}
    >
       
    </span>
    <span
      className="function_"
      style={
        {
          "color": "#880000",
          "fontWeight": "bold",
        }
      }
    >
      itIs
    </span>
    <span
      style={{}}
    >
      (
    </span>
    <span
      style={{}}
    >
      ) {

    </span>
    <span
      style={{}}
    >
        
    </span>
    <span
      style={
        {
          "fontWeight": "bold",
        }
      }
    >
      return
    </span>
    <span
      style={{}}
    >
       
    </span>
    <span
      style={
        {
          "color": "#880000",
        }
      }
    >
      'no seriously really it is'
    </span>
    <span
      style={{}}
    >
      ;

    </span>
    }

  </code>
</pre>
`;
