// Jest Snapshot v1, https://goo.gl/fbAQLP

exports[`SyntaxHighlighter renders childre unadultered when no language disocvered in highlight auto 1`] = `
<pre
  style={
    Object {
      "backgroundColor": "#fff",
    }
  }
>
  <code>
    Contacts* contacts = 
    <span
      className="hljs-comment"
      style={Object {}}
    >
      [
      <span
        className="hljs-comment"
        style={Object {}}
      >
        [Contacts alloc]
      </span>
      init]
    </span>
    ;
  </code>
</pre>
`;
