// Jest Snapshot v1, https://goo.gl/fbAQLP

exports[`SyntaxHighlighter renders childre unadultered when no language disocvered in highlight auto 1`] = `
<pre
  style={
    Object {
      "backgroundColor": "#fff",
    }
  }
>
  <code
    style={
      Object {
        "whiteSpace": "pre",
      }
    }
  >
    <span
      className="comment linenumber react-syntax-highlighter-line-number"
      style={
        Object {
          "display": "inline-block",
          "minWidth": "1em",
          "paddingRight": "1em",
          "textAlign": "right",
          "userSelect": "none",
        }
      }
    >
      1
    </span>
    <span
      style={Object {}}
    >
      Contacts* contacts = [[Contacts alloc]init];
    </span>
  </code>
</pre>
`;
