// Jest Snapshot v1, https://goo.gl/fbAQLP

exports[`SyntaxHighlighter allows lineProps as an object 1`] = `
<pre
  style={
    {
      "background": "#F3F3F3",
      "color": "#444",
    }
  }
>
  <code
    className="language-javascript"
    style={
      {
        "whiteSpace": "pre",
      }
    }
  >
    <span
      style={
        {
          "color": "red",
        }
      }
    >
      <span
        style={
          {
            "fontWeight": "bold",
          }
        }
      >
        const
      </span>
      <span
        style={{}}
      >
         
      </span>
      <span
        className="function_"
        style={
          {
            "color": "#880000",
            "fontWeight": "bold",
          }
        }
      >
        woah
      </span>
      <span
        style={{}}
      >
         = fun =&gt; fun + 
      </span>
      <span
        style={
          {
            "color": "#880000",
          }
        }
      >
        1
      </span>
      <span
        style={{}}
      >
        ;

      </span>
    </span>
    <span
      style={
        {
          "color": "red",
        }
      }
    >
      <span
        style={{}}
      />
      <span
        style={
          {
            "fontWeight": "bold",
          }
        }
      >
        const
      </span>
      <span
        style={{}}
      >
         dude = 
      </span>
      <span
        className="function_"
        style={
          {
            "color": "#880000",
            "fontWeight": "bold",
          }
        }
      >
        woah
      </span>
      <span
        style={{}}
      >
        (
      </span>
      <span
        style={
          {
            "color": "#880000",
          }
        }
      >
        2
      </span>
      <span
        style={{}}
      >
        ) + 
      </span>
      <span
        style={
          {
            "color": "#880000",
          }
        }
      >
        3
      </span>
      <span
        style={{}}
      >
        ;

      </span>
    </span>
    <span
      style={
        {
          "color": "red",
        }
      }
    >
      <span
        style={{}}
      />
      <span
        style={
          {
            "fontWeight": "bold",
          }
        }
      >
        function
      </span>
      <span
        style={{}}
      >
         
      </span>
      <span
        className="function_"
        style={
          {
            "color": "#880000",
            "fontWeight": "bold",
          }
        }
      >
        thisIsAFunction
      </span>
      <span
        style={{}}
      >
        (
      </span>
      <span
        style={{}}
      >
        ) {

      </span>
    </span>
    <span
      style={
        {
          "color": "red",
        }
      }
    >
      <span
        style={{}}
      >
          
      </span>
      <span
        style={
          {
            "fontWeight": "bold",
          }
        }
      >
        return
      </span>
      <span
        style={{}}
      >
         [
      </span>
      <span
        style={
          {
            "color": "#880000",
          }
        }
      >
        1
      </span>
      <span
        style={{}}
      >
        ,
      </span>
      <span
        style={
          {
            "color": "#880000",
          }
        }
      >
        2
      </span>
      <span
        style={{}}
      >
        ,
      </span>
      <span
        style={
          {
            "color": "#880000",
          }
        }
      >
        3
      </span>
      <span
        style={{}}
      >
        ].
      </span>
      <span
        className="function_"
        style={
          {
            "color": "#880000",
            "fontWeight": "bold",
          }
        }
      >
        map
      </span>
      <span
        style={{}}
      >
        (
      </span>
      <span
        className="hljs-function"
        style={{}}
      >
        n
      </span>
      <span
        className="hljs-function"
        style={{}}
      >
         =&gt;
      </span>
      <span
        style={{}}
      >
         n + 
      </span>
      <span
        style={
          {
            "color": "#880000",
          }
        }
      >
        1
      </span>
      <span
        style={{}}
      >
        ).
      </span>
      <span
        className="function_"
        style={
          {
            "color": "#880000",
            "fontWeight": "bold",
          }
        }
      >
        filter
      </span>
      <span
        style={{}}
      >
        (n !== 
      </span>
      <span
        style={
          {
            "color": "#880000",
          }
        }
      >
        3
      </span>
      <span
        style={{}}
      >
        );

      </span>
    </span>
    <span
      style={
        {
          "color": "red",
        }
      }
    >
      }

    </span>
    <span
      style={
        {
          "color": "red",
        }
      }
    >
      <span
        style={{}}
      />
      <span
        className="language_"
        style={
          {
            "color": "#ab5656",
          }
        }
      >
        console
      </span>
      <span
        style={{}}
      >
        .
      </span>
      <span
        className="function_"
        style={
          {
            "color": "#880000",
            "fontWeight": "bold",
          }
        }
      >
        log
      </span>
      <span
        style={{}}
      >
        (
      </span>
      <span
        style={
          {
            "color": "#880000",
          }
        }
      >
        'making up fake code is really hard'
      </span>
      <span
        style={{}}
      >
        );

      </span>
    </span>
    <span
      style={
        {
          "color": "red",
        }
      }
    >
      

    </span>
    <span
      style={
        {
          "color": "red",
        }
      }
    >
      <span
        style={{}}
      />
      <span
        style={
          {
            "fontWeight": "bold",
          }
        }
      >
        function
      </span>
      <span
        style={{}}
      >
         
      </span>
      <span
        className="function_"
        style={
          {
            "color": "#880000",
            "fontWeight": "bold",
          }
        }
      >
        itIs
      </span>
      <span
        style={{}}
      >
        (
      </span>
      <span
        style={{}}
      >
        ) {

      </span>
    </span>
    <span
      style={
        {
          "color": "red",
        }
      }
    >
      <span
        style={{}}
      >
          
      </span>
      <span
        style={
          {
            "fontWeight": "bold",
          }
        }
      >
        return
      </span>
      <span
        style={{}}
      >
         
      </span>
      <span
        style={
          {
            "color": "#880000",
          }
        }
      >
        'no seriously really it is'
      </span>
      <span
        style={{}}
      >
        ;

      </span>
    </span>
    <span
      style={
        {
          "color": "red",
        }
      }
    >
      }

    </span>
    <span
      style={
        {
          "color": "red",
        }
      }
    />
  </code>
</pre>
`;

exports[`SyntaxHighlighter allows lineProps as function 1`] = `
<pre
  style={
    {
      "background": "#F3F3F3",
      "color": "#444",
    }
  }
>
  <code
    className="language-javascript"
    style={
      {
        "whiteSpace": "pre",
      }
    }
  >
    <span
      style={
        {
          "color": "red",
        }
      }
    >
      <span
        style={
          {
            "fontWeight": "bold",
          }
        }
      >
        const
      </span>
      <span
        style={{}}
      >
         
      </span>
      <span
        className="function_"
        style={
          {
            "color": "#880000",
            "fontWeight": "bold",
          }
        }
      >
        woah
      </span>
      <span
        style={{}}
      >
         = fun =&gt; fun + 
      </span>
      <span
        style={
          {
            "color": "#880000",
          }
        }
      >
        1
      </span>
      <span
        style={{}}
      >
        ;

      </span>
    </span>
    <span
      style={
        {
          "color": "red",
        }
      }
    >
      <span
        style={{}}
      />
      <span
        style={
          {
            "fontWeight": "bold",
          }
        }
      >
        const
      </span>
      <span
        style={{}}
      >
         dude = 
      </span>
      <span
        className="function_"
        style={
          {
            "color": "#880000",
            "fontWeight": "bold",
          }
        }
      >
        woah
      </span>
      <span
        style={{}}
      >
        (
      </span>
      <span
        style={
          {
            "color": "#880000",
          }
        }
      >
        2
      </span>
      <span
        style={{}}
      >
        ) + 
      </span>
      <span
        style={
          {
            "color": "#880000",
          }
        }
      >
        3
      </span>
      <span
        style={{}}
      >
        ;

      </span>
    </span>
    <span
      style={
        {
          "color": "red",
        }
      }
    >
      <span
        style={{}}
      />
      <span
        style={
          {
            "fontWeight": "bold",
          }
        }
      >
        function
      </span>
      <span
        style={{}}
      >
         
      </span>
      <span
        className="function_"
        style={
          {
            "color": "#880000",
            "fontWeight": "bold",
          }
        }
      >
        thisIsAFunction
      </span>
      <span
        style={{}}
      >
        (
      </span>
      <span
        style={{}}
      >
        ) {

      </span>
    </span>
    <span
      style={
        {
          "color": "red",
        }
      }
    >
      <span
        style={{}}
      >
          
      </span>
      <span
        style={
          {
            "fontWeight": "bold",
          }
        }
      >
        return
      </span>
      <span
        style={{}}
      >
         [
      </span>
      <span
        style={
          {
            "color": "#880000",
          }
        }
      >
        1
      </span>
      <span
        style={{}}
      >
        ,
      </span>
      <span
        style={
          {
            "color": "#880000",
          }
        }
      >
        2
      </span>
      <span
        style={{}}
      >
        ,
      </span>
      <span
        style={
          {
            "color": "#880000",
          }
        }
      >
        3
      </span>
      <span
        style={{}}
      >
        ].
      </span>
      <span
        className="function_"
        style={
          {
            "color": "#880000",
            "fontWeight": "bold",
          }
        }
      >
        map
      </span>
      <span
        style={{}}
      >
        (
      </span>
      <span
        className="hljs-function"
        style={{}}
      >
        n
      </span>
      <span
        className="hljs-function"
        style={{}}
      >
         =&gt;
      </span>
      <span
        style={{}}
      >
         n + 
      </span>
      <span
        style={
          {
            "color": "#880000",
          }
        }
      >
        1
      </span>
      <span
        style={{}}
      >
        ).
      </span>
      <span
        className="function_"
        style={
          {
            "color": "#880000",
            "fontWeight": "bold",
          }
        }
      >
        filter
      </span>
      <span
        style={{}}
      >
        (n !== 
      </span>
      <span
        style={
          {
            "color": "#880000",
          }
        }
      >
        3
      </span>
      <span
        style={{}}
      >
        );

      </span>
    </span>
    <span
      style={
        {
          "color": "red",
        }
      }
    >
      }

    </span>
    <span
      style={
        {
          "color": "red",
        }
      }
    >
      <span
        style={{}}
      />
      <span
        className="language_"
        style={
          {
            "color": "#ab5656",
          }
        }
      >
        console
      </span>
      <span
        style={{}}
      >
        .
      </span>
      <span
        className="function_"
        style={
          {
            "color": "#880000",
            "fontWeight": "bold",
          }
        }
      >
        log
      </span>
      <span
        style={{}}
      >
        (
      </span>
      <span
        style={
          {
            "color": "#880000",
          }
        }
      >
        'making up fake code is really hard'
      </span>
      <span
        style={{}}
      >
        );

      </span>
    </span>
    <span
      style={
        {
          "color": "red",
        }
      }
    >
      

    </span>
    <span
      style={
        {
          "color": "red",
        }
      }
    >
      <span
        style={{}}
      />
      <span
        style={
          {
            "fontWeight": "bold",
          }
        }
      >
        function
      </span>
      <span
        style={{}}
      >
         
      </span>
      <span
        className="function_"
        style={
          {
            "color": "#880000",
            "fontWeight": "bold",
          }
        }
      >
        itIs
      </span>
      <span
        style={{}}
      >
        (
      </span>
      <span
        style={{}}
      >
        ) {

      </span>
    </span>
    <span
      style={
        {
          "color": "red",
        }
      }
    >
      <span
        style={{}}
      >
          
      </span>
      <span
        style={
          {
            "fontWeight": "bold",
          }
        }
      >
        return
      </span>
      <span
        style={{}}
      >
         
      </span>
      <span
        style={
          {
            "color": "#880000",
          }
        }
      >
        'no seriously really it is'
      </span>
      <span
        style={{}}
      >
        ;

      </span>
    </span>
    <span
      style={
        {
          "color": "red",
        }
      }
    >
      }

    </span>
    <span
      style={
        {
          "color": "red",
        }
      }
    />
  </code>
</pre>
`;

exports[`SyntaxHighlighter component renders correctly 1`] = `
<pre
  style={
    {
      "background": "#F3F3F3",
      "color": "#444",
    }
  }
>
  <code
    className="language-javascript"
    style={
      {
        "whiteSpace": "pre",
      }
    }
  >
    <span
      style={{}}
    >
      <span
        style={
          {
            "fontWeight": "bold",
          }
        }
      >
        const
      </span>
      <span
        style={{}}
      >
         
      </span>
      <span
        className="function_"
        style={
          {
            "color": "#880000",
            "fontWeight": "bold",
          }
        }
      >
        woah
      </span>
      <span
        style={{}}
      >
         = fun =&gt; fun + 
      </span>
      <span
        style={
          {
            "color": "#880000",
          }
        }
      >
        1
      </span>
      <span
        style={{}}
      >
        ;

      </span>
    </span>
    <span
      style={{}}
    >
      <span
        style={{}}
      />
      <span
        style={
          {
            "fontWeight": "bold",
          }
        }
      >
        const
      </span>
      <span
        style={{}}
      >
         dude = 
      </span>
      <span
        className="function_"
        style={
          {
            "color": "#880000",
            "fontWeight": "bold",
          }
        }
      >
        woah
      </span>
      <span
        style={{}}
      >
        (
      </span>
      <span
        style={
          {
            "color": "#880000",
          }
        }
      >
        2
      </span>
      <span
        style={{}}
      >
        ) + 
      </span>
      <span
        style={
          {
            "color": "#880000",
          }
        }
      >
        3
      </span>
      <span
        style={{}}
      >
        ;

      </span>
    </span>
    <span
      style={{}}
    >
      <span
        style={{}}
      />
      <span
        style={
          {
            "fontWeight": "bold",
          }
        }
      >
        function
      </span>
      <span
        style={{}}
      >
         
      </span>
      <span
        className="function_"
        style={
          {
            "color": "#880000",
            "fontWeight": "bold",
          }
        }
      >
        thisIsAFunction
      </span>
      <span
        style={{}}
      >
        (
      </span>
      <span
        style={{}}
      >
        ) {

      </span>
    </span>
    <span
      style={{}}
    >
      <span
        style={{}}
      >
          
      </span>
      <span
        style={
          {
            "fontWeight": "bold",
          }
        }
      >
        return
      </span>
      <span
        style={{}}
      >
         [
      </span>
      <span
        style={
          {
            "color": "#880000",
          }
        }
      >
        1
      </span>
      <span
        style={{}}
      >
        ,
      </span>
      <span
        style={
          {
            "color": "#880000",
          }
        }
      >
        2
      </span>
      <span
        style={{}}
      >
        ,
      </span>
      <span
        style={
          {
            "color": "#880000",
          }
        }
      >
        3
      </span>
      <span
        style={{}}
      >
        ].
      </span>
      <span
        className="function_"
        style={
          {
            "color": "#880000",
            "fontWeight": "bold",
          }
        }
      >
        map
      </span>
      <span
        style={{}}
      >
        (
      </span>
      <span
        className="hljs-function"
        style={{}}
      >
        n
      </span>
      <span
        className="hljs-function"
        style={{}}
      >
         =&gt;
      </span>
      <span
        style={{}}
      >
         n + 
      </span>
      <span
        style={
          {
            "color": "#880000",
          }
        }
      >
        1
      </span>
      <span
        style={{}}
      >
        ).
      </span>
      <span
        className="function_"
        style={
          {
            "color": "#880000",
            "fontWeight": "bold",
          }
        }
      >
        filter
      </span>
      <span
        style={{}}
      >
        (n !== 
      </span>
      <span
        style={
          {
            "color": "#880000",
          }
        }
      >
        3
      </span>
      <span
        style={{}}
      >
        );

      </span>
    </span>
    <span
      style={{}}
    >
      }

    </span>
    <span
      style={{}}
    >
      <span
        style={{}}
      />
      <span
        className="language_"
        style={
          {
            "color": "#ab5656",
          }
        }
      >
        console
      </span>
      <span
        style={{}}
      >
        .
      </span>
      <span
        className="function_"
        style={
          {
            "color": "#880000",
            "fontWeight": "bold",
          }
        }
      >
        log
      </span>
      <span
        style={{}}
      >
        (
      </span>
      <span
        style={
          {
            "color": "#880000",
          }
        }
      >
        'making up fake code is really hard'
      </span>
      <span
        style={{}}
      >
        );

      </span>
    </span>
    <span
      style={{}}
    >
      

    </span>
    <span
      style={{}}
    >
      <span
        style={{}}
      />
      <span
        style={
          {
            "fontWeight": "bold",
          }
        }
      >
        function
      </span>
      <span
        style={{}}
      >
         
      </span>
      <span
        className="function_"
        style={
          {
            "color": "#880000",
            "fontWeight": "bold",
          }
        }
      >
        itIs
      </span>
      <span
        style={{}}
      >
        (
      </span>
      <span
        style={{}}
      >
        ) {

      </span>
    </span>
    <span
      style={{}}
    >
      <span
        style={{}}
      >
          
      </span>
      <span
        style={
          {
            "fontWeight": "bold",
          }
        }
      >
        return
      </span>
      <span
        style={{}}
      >
         
      </span>
      <span
        style={
          {
            "color": "#880000",
          }
        }
      >
        'no seriously really it is'
      </span>
      <span
        style={{}}
      >
        ;

      </span>
    </span>
    <span
      style={{}}
    >
      }

    </span>
    <span
      style={{}}
    />
  </code>
</pre>
`;

exports[`SyntaxHighlighter renders java code correctly with wrapLines 1`] = `
<pre
  style={
    {
      "background": "#F3F3F3",
      "color": "#444",
    }
  }
>
  <code
    className="language-java"
    style={
      {
        "whiteSpace": "pre",
      }
    }
  >
    <span
      style={
        {
          "backgroundColor": "#A9DBB8",
          "display": "block",
        }
      }
    >
      <span
        style={
          {
            "fontWeight": "bold",
          }
        }
      >
        package
      </span>
      <span
        style={{}}
      >
         com.javatest;

      </span>
    </span>
    <span
      style={
        {
          "backgroundColor": "#A9DBB8",
          "display": "block",
        }
      }
    >
      

    </span>
    <span
      style={
        {
          "backgroundColor": "#A9DBB8",
          "display": "block",
        }
      }
    >
      <span
        style={{}}
      />
      <span
        style={
          {
            "fontWeight": "bold",
          }
        }
      >
        public
      </span>
      <span
        style={{}}
      >
         
      </span>
      <span
        style={
          {
            "fontWeight": "bold",
          }
        }
      >
        class
      </span>
      <span
        style={{}}
      >
         
      </span>
      <span
        className="class_"
        style={
          {
            "color": "#880000",
            "fontWeight": "bold",
          }
        }
      >
        BubbleSort
      </span>
      <span
        style={{}}
      >
         {

      </span>
    </span>
    <span
      style={
        {
          "backgroundColor": "#A9DBB8",
          "display": "block",
        }
      }
    >
      <span
        style={{}}
      >
          
      </span>
      <span
        style={
          {
            "color": "#697070",
          }
        }
      >
        /**

      </span>
    </span>
    <span
      style={
        {
          "backgroundColor": "#A9DBB8",
          "color": "#697070",
          "display": "block",
        }
      }
    >
         * Applies bubble sort to an array and returns whether the array was sorted correctly.

    </span>
    <span
      style={
        {
          "backgroundColor": "#A9DBB8",
          "display": "block",
        }
      }
    >
      <span
        style={
          {
            "color": "#697070",
          }
        }
      >
           */
      </span>
      <span
        style={{}}
      >
        

      </span>
    </span>
    <span
      style={
        {
          "backgroundColor": "#A9DBB8",
          "display": "block",
        }
      }
    >
      <span
        style={{}}
      >
          
      </span>
      <span
        style={
          {
            "fontWeight": "bold",
          }
        }
      >
        public
      </span>
      <span
        style={{}}
      >
         
      </span>
      <span
        style={
          {
            "color": "#880000",
          }
        }
      >
        boolean
      </span>
      <span
        style={{}}
      >
         
      </span>
      <span
        className="function_"
        style={
          {
            "color": "#880000",
            "fontWeight": "bold",
          }
        }
      >
        checkSort
      </span>
      <span
        style={{}}
      >
        (
      </span>
      <span
        style={
          {
            "color": "#880000",
          }
        }
      >
        int
      </span>
      <span
        style={{}}
      >
        [] a)
      </span>
      <span
        style={{}}
      >
         {

      </span>
    </span>
    <span
      style={
        {
          "backgroundColor": "#A9DBB8",
          "display": "block",
        }
      }
    >
          sort(a);

    </span>
    <span
      style={
        {
          "backgroundColor": "#A9DBB8",
          "display": "block",
        }
      }
    >
      

    </span>
    <span
      style={
        {
          "backgroundColor": "#A9DBB8",
          "display": "block",
        }
      }
    >
      <span
        style={{}}
      >
            
      </span>
      <span
        style={
          {
            "fontWeight": "bold",
          }
        }
      >
        for
      </span>
      <span
        style={{}}
      >
         (
      </span>
      <span
        style={
          {
            "color": "#880000",
          }
        }
      >
        int
      </span>
      <span
        style={{}}
      >
         
      </span>
      <span
        style={
          {
            "color": "#ab5656",
          }
        }
      >
        i
      </span>
      <span
        style={{}}
      >
         
      </span>
      <span
        style={
          {
            "color": "#ab5656",
          }
        }
      >
        =
      </span>
      <span
        style={{}}
      >
         
      </span>
      <span
        style={
          {
            "color": "#880000",
          }
        }
      >
        0
      </span>
      <span
        style={{}}
      >
        ; i &lt; a.length - 
      </span>
      <span
        style={
          {
            "color": "#880000",
          }
        }
      >
        1
      </span>
      <span
        style={{}}
      >
        ; i++) {

      </span>
    </span>
    <span
      style={
        {
          "backgroundColor": "#A9DBB8",
          "display": "block",
        }
      }
    >
      <span
        style={{}}
      >
              
      </span>
      <span
        style={
          {
            "fontWeight": "bold",
          }
        }
      >
        if
      </span>
      <span
        style={{}}
      >
         (a[i] &gt; a[i + 
      </span>
      <span
        style={
          {
            "color": "#880000",
          }
        }
      >
        1
      </span>
      <span
        style={{}}
      >
        ]) {

      </span>
    </span>
    <span
      style={
        {
          "backgroundColor": "#A9DBB8",
          "display": "block",
        }
      }
    >
      <span
        style={{}}
      >
                
      </span>
      <span
        style={
          {
            "fontWeight": "bold",
          }
        }
      >
        return
      </span>
      <span
        style={{}}
      >
         
      </span>
      <span
        style={
          {
            "color": "#695",
          }
        }
      >
        false
      </span>
      <span
        style={{}}
      >
        ;

      </span>
    </span>
    <span
      style={
        {
          "backgroundColor": "#A9DBB8",
          "display": "block",
        }
      }
    >
            }

    </span>
    <span
      style={
        {
          "backgroundColor": "#A9DBB8",
          "display": "block",
        }
      }
    >
          }

    </span>
    <span
      style={
        {
          "backgroundColor": "#A9DBB8",
          "display": "block",
        }
      }
    >
      

    </span>
    <span
      style={
        {
          "backgroundColor": "#A9DBB8",
          "display": "block",
        }
      }
    >
      <span
        style={{}}
      >
            
      </span>
      <span
        style={
          {
            "fontWeight": "bold",
          }
        }
      >
        return
      </span>
      <span
        style={{}}
      >
         
      </span>
      <span
        style={
          {
            "color": "#695",
          }
        }
      >
        true
      </span>
      <span
        style={{}}
      >
        ;

      </span>
    </span>
    <span
      style={
        {
          "backgroundColor": "#A9DBB8",
          "display": "block",
        }
      }
    >
        }

    </span>
    <span
      style={
        {
          "backgroundColor": "#A9DBB8",
          "display": "block",
        }
      }
    >
      

    </span>
    <span
      style={
        {
          "backgroundColor": "#A9DBB8",
          "display": "block",
        }
      }
    >
      <span
        style={{}}
      >
          
      </span>
      <span
        style={
          {
            "color": "#697070",
          }
        }
      >
        /**

      </span>
    </span>
    <span
      style={
        {
          "backgroundColor": "#A9DBB8",
          "color": "#697070",
          "display": "block",
        }
      }
    >
         * Bubble sort an array, mutating the array (contains a bug).

    </span>
    <span
      style={
        {
          "backgroundColor": "#A9DBB8",
          "display": "block",
        }
      }
    >
      <span
        style={
          {
            "color": "#697070",
          }
        }
      >
           */
      </span>
      <span
        style={{}}
      >
        

      </span>
    </span>
    <span
      style={
        {
          "backgroundColor": "#A9DBB8",
          "display": "block",
        }
      }
    >
      <span
        style={{}}
      >
          
      </span>
      <span
        style={
          {
            "fontWeight": "bold",
          }
        }
      >
        public
      </span>
      <span
        style={{}}
      >
         
      </span>
      <span
        style={
          {
            "fontWeight": "bold",
          }
        }
      >
        void
      </span>
      <span
        style={{}}
      >
         
      </span>
      <span
        className="function_"
        style={
          {
            "color": "#880000",
            "fontWeight": "bold",
          }
        }
      >
        sort
      </span>
      <span
        style={{}}
      >
        (
      </span>
      <span
        style={
          {
            "color": "#880000",
          }
        }
      >
        int
      </span>
      <span
        style={{}}
      >
         [] a)
      </span>
      <span
        style={{}}
      >
         {

      </span>
    </span>
    <span
      style={
        {
          "backgroundColor": "#A9DBB8",
          "display": "block",
        }
      }
    >
      <span
        style={{}}
      >
            
      </span>
      <span
        style={
          {
            "color": "#880000",
          }
        }
      >
        int
      </span>
      <span
        style={{}}
      >
         j;

      </span>
    </span>
    <span
      style={
        {
          "backgroundColor": "#A9DBB8",
          "display": "block",
        }
      }
    >
      <span
        style={{}}
      >
            
      </span>
      <span
        style={
          {
            "color": "#880000",
          }
        }
      >
        boolean
      </span>
      <span
        style={{}}
      >
         
      </span>
      <span
        style={
          {
            "color": "#ab5656",
          }
        }
      >
        flag
      </span>
      <span
        style={{}}
      >
         
      </span>
      <span
        style={
          {
            "color": "#ab5656",
          }
        }
      >
        =
      </span>
      <span
        style={{}}
      >
         
      </span>
      <span
        style={
          {
            "color": "#695",
          }
        }
      >
        true
      </span>
      <span
        style={{}}
      >
        ;

      </span>
    </span>
    <span
      style={
        {
          "backgroundColor": "#A9DBB8",
          "display": "block",
        }
      }
    >
      <span
        style={{}}
      >
            
      </span>
      <span
        style={
          {
            "color": "#880000",
          }
        }
      >
        int
      </span>
      <span
        style={{}}
      >
         temp;
      </span>
    </span>
  </code>
</pre>
`;
