exports[`test SyntaxHighlighter allows lineProps as an object 1`] = `
<pre
  style={
    Object {
      "background": "#F0F0F0",
      "color": "#444",
      "display": "block",
      "overflowX": "auto",
      "padding": "0.5em"
    }
  }>
  <code
    style={undefined}>
    <span
      className={undefined}
      style={
        Object {
          "color": "red"
        }
      }>
      <span
        className={undefined}
        style={
          Object {
            "fontWeight": "bold"
          }
        }>
        const
      </span>
      <span
        className={undefined}
        style={Object {}}>
         woah = 
      </span>
      <span
        className={undefined}
        style={Object {}}>
        fun
      </span>
      <span
        className={undefined}
        style={Object {}}>
         =>
      </span>
      <span
        className={undefined}
        style={Object {}}>
         fun + 
      </span>
      <span
        className={undefined}
        style={
          Object {
            "color": "#880000"
          }
        }>
        1
      </span>
      <span
        className={undefined}
        style={Object {}}>
        ;
        
      </span>
    </span>
    <span
      className={undefined}
      style={
        Object {
          "color": "red"
        }
      }>
      <span
        className={undefined}
        style={Object {}}>
        
      </span>
      <span
        className={undefined}
        style={
          Object {
            "fontWeight": "bold"
          }
        }>
        const
      </span>
      <span
        className={undefined}
        style={Object {}}>
         dude = woah(
      </span>
      <span
        className={undefined}
        style={
          Object {
            "color": "#880000"
          }
        }>
        2
      </span>
      <span
        className={undefined}
        style={Object {}}>
        ) + 
      </span>
      <span
        className={undefined}
        style={
          Object {
            "color": "#880000"
          }
        }>
        3
      </span>
      <span
        className={undefined}
        style={Object {}}>
        ;
        
      </span>
    </span>
    <span
      className={undefined}
      style={
        Object {
          "color": "red"
        }
      }>
      <span
        className={undefined}
        style={Object {}}>
        
      </span>
      <span
        className={undefined}
        style={
          Object {
            "fontWeight": "bold"
          }
        }>
        function
      </span>
      <span
        className={undefined}
        style={Object {}}>
         
      </span>
      <span
        className={undefined}
        style={
          Object {
            "color": "#880000",
            "fontWeight": "bold"
          }
        }>
        thisIsAFunction
      </span>
      <span
        className={undefined}
        style={Object {}}>
        (
      </span>
      <span
        className={undefined}
        style={Object {}}>
        ) 
      </span>
      <span
        className={undefined}
        style={Object {}}>
        {
        
      </span>
    </span>
    <span
      className={undefined}
      style={
        Object {
          "color": "red"
        }
      }>
      <span
        className={undefined}
        style={Object {}}>
          
      </span>
      <span
        className={undefined}
        style={
          Object {
            "fontWeight": "bold"
          }
        }>
        return
      </span>
      <span
        className={undefined}
        style={Object {}}>
         [
      </span>
      <span
        className={undefined}
        style={
          Object {
            "color": "#880000"
          }
        }>
        1
      </span>
      <span
        className={undefined}
        style={Object {}}>
        ,
      </span>
      <span
        className={undefined}
        style={
          Object {
            "color": "#880000"
          }
        }>
        2
      </span>
      <span
        className={undefined}
        style={Object {}}>
        ,
      </span>
      <span
        className={undefined}
        style={
          Object {
            "color": "#880000"
          }
        }>
        3
      </span>
      <span
        className={undefined}
        style={Object {}}>
        ].map(
      </span>
      <span
        className={undefined}
        style={Object {}}>
        n
      </span>
      <span
        className={undefined}
        style={Object {}}>
         =>
      </span>
      <span
        className={undefined}
        style={Object {}}>
         n + 
      </span>
      <span
        className={undefined}
        style={
          Object {
            "color": "#880000"
          }
        }>
        1
      </span>
      <span
        className={undefined}
        style={Object {}}>
        ).filter(n !== 
      </span>
      <span
        className={undefined}
        style={
          Object {
            "color": "#880000"
          }
        }>
        3
      </span>
      <span
        className={undefined}
        style={Object {}}>
        );
        
      </span>
    </span>
    <span
      className={undefined}
      style={
        Object {
          "color": "red"
        }
      }>
      }
      
    </span>
    <span
      className={undefined}
      style={
        Object {
          "color": "red"
        }
      }>
      <span
        className={undefined}
        style={Object {}}>
        
      </span>
      <span
        className={undefined}
        style={
          Object {
            "color": "#397300"
          }
        }>
        console
      </span>
      <span
        className={undefined}
        style={Object {}}>
        .log(
      </span>
      <span
        className={undefined}
        style={
          Object {
            "color": "#880000"
          }
        }>
        \'making up fake code is really hard\'
      </span>
      <span
        className={undefined}
        style={Object {}}>
        );
        
      </span>
    </span>
    <span
      className={undefined}
      style={
        Object {
          "color": "red"
        }
      }>
      
      
    </span>
    <span
      className={undefined}
      style={
        Object {
          "color": "red"
        }
      }>
      <span
        className={undefined}
        style={Object {}}>
        
      </span>
      <span
        className={undefined}
        style={
          Object {
            "fontWeight": "bold"
          }
        }>
        function
      </span>
      <span
        className={undefined}
        style={Object {}}>
         
      </span>
      <span
        className={undefined}
        style={
          Object {
            "color": "#880000",
            "fontWeight": "bold"
          }
        }>
        itIs
      </span>
      <span
        className={undefined}
        style={Object {}}>
        (
      </span>
      <span
        className={undefined}
        style={Object {}}>
        ) 
      </span>
      <span
        className={undefined}
        style={Object {}}>
        {
        
      </span>
    </span>
    <span
      className={undefined}
      style={
        Object {
          "color": "red"
        }
      }>
      <span
        className={undefined}
        style={Object {}}>
          
      </span>
      <span
        className={undefined}
        style={
          Object {
            "fontWeight": "bold"
          }
        }>
        return
      </span>
      <span
        className={undefined}
        style={Object {}}>
         
      </span>
      <span
        className={undefined}
        style={
          Object {
            "color": "#880000"
          }
        }>
        \'no seriously really it is\'
      </span>
      <span
        className={undefined}
        style={Object {}}>
        ;
        
      </span>
    </span>
    <span
      className={undefined}
      style={
        Object {
          "color": "red"
        }
      }>
      }
      
    </span>
    <span
      className={undefined}
      style={
        Object {
          "color": "red"
        }
      }>
      
      
    </span>
  </code>
</pre>
`;

exports[`test SyntaxHighlighter allows lineProps as function 1`] = `
<pre
  style={
    Object {
      "background": "#F0F0F0",
      "color": "#444",
      "display": "block",
      "overflowX": "auto",
      "padding": "0.5em"
    }
  }>
  <code
    style={undefined}>
    <span
      className={undefined}
      style={
        Object {
          "color": "red"
        }
      }>
      <span
        className={undefined}
        style={
          Object {
            "fontWeight": "bold"
          }
        }>
        const
      </span>
      <span
        className={undefined}
        style={Object {}}>
         woah = 
      </span>
      <span
        className={undefined}
        style={Object {}}>
        fun
      </span>
      <span
        className={undefined}
        style={Object {}}>
         =>
      </span>
      <span
        className={undefined}
        style={Object {}}>
         fun + 
      </span>
      <span
        className={undefined}
        style={
          Object {
            "color": "#880000"
          }
        }>
        1
      </span>
      <span
        className={undefined}
        style={Object {}}>
        ;
        
      </span>
    </span>
    <span
      className={undefined}
      style={
        Object {
          "color": "red"
        }
      }>
      <span
        className={undefined}
        style={Object {}}>
        
      </span>
      <span
        className={undefined}
        style={
          Object {
            "fontWeight": "bold"
          }
        }>
        const
      </span>
      <span
        className={undefined}
        style={Object {}}>
         dude = woah(
      </span>
      <span
        className={undefined}
        style={
          Object {
            "color": "#880000"
          }
        }>
        2
      </span>
      <span
        className={undefined}
        style={Object {}}>
        ) + 
      </span>
      <span
        className={undefined}
        style={
          Object {
            "color": "#880000"
          }
        }>
        3
      </span>
      <span
        className={undefined}
        style={Object {}}>
        ;
        
      </span>
    </span>
    <span
      className={undefined}
      style={
        Object {
          "color": "red"
        }
      }>
      <span
        className={undefined}
        style={Object {}}>
        
      </span>
      <span
        className={undefined}
        style={
          Object {
            "fontWeight": "bold"
          }
        }>
        function
      </span>
      <span
        className={undefined}
        style={Object {}}>
         
      </span>
      <span
        className={undefined}
        style={
          Object {
            "color": "#880000",
            "fontWeight": "bold"
          }
        }>
        thisIsAFunction
      </span>
      <span
        className={undefined}
        style={Object {}}>
        (
      </span>
      <span
        className={undefined}
        style={Object {}}>
        ) 
      </span>
      <span
        className={undefined}
        style={Object {}}>
        {
        
      </span>
    </span>
    <span
      className={undefined}
      style={
        Object {
          "color": "red"
        }
      }>
      <span
        className={undefined}
        style={Object {}}>
          
      </span>
      <span
        className={undefined}
        style={
          Object {
            "fontWeight": "bold"
          }
        }>
        return
      </span>
      <span
        className={undefined}
        style={Object {}}>
         [
      </span>
      <span
        className={undefined}
        style={
          Object {
            "color": "#880000"
          }
        }>
        1
      </span>
      <span
        className={undefined}
        style={Object {}}>
        ,
      </span>
      <span
        className={undefined}
        style={
          Object {
            "color": "#880000"
          }
        }>
        2
      </span>
      <span
        className={undefined}
        style={Object {}}>
        ,
      </span>
      <span
        className={undefined}
        style={
          Object {
            "color": "#880000"
          }
        }>
        3
      </span>
      <span
        className={undefined}
        style={Object {}}>
        ].map(
      </span>
      <span
        className={undefined}
        style={Object {}}>
        n
      </span>
      <span
        className={undefined}
        style={Object {}}>
         =>
      </span>
      <span
        className={undefined}
        style={Object {}}>
         n + 
      </span>
      <span
        className={undefined}
        style={
          Object {
            "color": "#880000"
          }
        }>
        1
      </span>
      <span
        className={undefined}
        style={Object {}}>
        ).filter(n !== 
      </span>
      <span
        className={undefined}
        style={
          Object {
            "color": "#880000"
          }
        }>
        3
      </span>
      <span
        className={undefined}
        style={Object {}}>
        );
        
      </span>
    </span>
    <span
      className={undefined}
      style={
        Object {
          "color": "red"
        }
      }>
      }
      
    </span>
    <span
      className={undefined}
      style={
        Object {
          "color": "red"
        }
      }>
      <span
        className={undefined}
        style={Object {}}>
        
      </span>
      <span
        className={undefined}
        style={
          Object {
            "color": "#397300"
          }
        }>
        console
      </span>
      <span
        className={undefined}
        style={Object {}}>
        .log(
      </span>
      <span
        className={undefined}
        style={
          Object {
            "color": "#880000"
          }
        }>
        \'making up fake code is really hard\'
      </span>
      <span
        className={undefined}
        style={Object {}}>
        );
        
      </span>
    </span>
    <span
      className={undefined}
      style={
        Object {
          "color": "red"
        }
      }>
      
      
    </span>
    <span
      className={undefined}
      style={
        Object {
          "color": "red"
        }
      }>
      <span
        className={undefined}
        style={Object {}}>
        
      </span>
      <span
        className={undefined}
        style={
          Object {
            "fontWeight": "bold"
          }
        }>
        function
      </span>
      <span
        className={undefined}
        style={Object {}}>
         
      </span>
      <span
        className={undefined}
        style={
          Object {
            "color": "#880000",
            "fontWeight": "bold"
          }
        }>
        itIs
      </span>
      <span
        className={undefined}
        style={Object {}}>
        (
      </span>
      <span
        className={undefined}
        style={Object {}}>
        ) 
      </span>
      <span
        className={undefined}
        style={Object {}}>
        {
        
      </span>
    </span>
    <span
      className={undefined}
      style={
        Object {
          "color": "red"
        }
      }>
      <span
        className={undefined}
        style={Object {}}>
          
      </span>
      <span
        className={undefined}
        style={
          Object {
            "fontWeight": "bold"
          }
        }>
        return
      </span>
      <span
        className={undefined}
        style={Object {}}>
         
      </span>
      <span
        className={undefined}
        style={
          Object {
            "color": "#880000"
          }
        }>
        \'no seriously really it is\'
      </span>
      <span
        className={undefined}
        style={Object {}}>
        ;
        
      </span>
    </span>
    <span
      className={undefined}
      style={
        Object {
          "color": "red"
        }
      }>
      }
      
    </span>
    <span
      className={undefined}
      style={
        Object {
          "color": "red"
        }
      }>
      
      
    </span>
  </code>
</pre>
`;

exports[`test SyntaxHighlighter component renders correctly 1`] = `
<pre
  style={
    Object {
      "background": "#F0F0F0",
      "color": "#444",
      "display": "block",
      "overflowX": "auto",
      "padding": "0.5em"
    }
  }>
  <code
    style={undefined}>
    <span
      className={undefined}
      style={Object {}}>
      <span
        className={undefined}
        style={
          Object {
            "fontWeight": "bold"
          }
        }>
        const
      </span>
      <span
        className={undefined}
        style={Object {}}>
         woah = 
      </span>
      <span
        className={undefined}
        style={Object {}}>
        fun
      </span>
      <span
        className={undefined}
        style={Object {}}>
         =>
      </span>
      <span
        className={undefined}
        style={Object {}}>
         fun + 
      </span>
      <span
        className={undefined}
        style={
          Object {
            "color": "#880000"
          }
        }>
        1
      </span>
      <span
        className={undefined}
        style={Object {}}>
        ;
        
      </span>
    </span>
    <span
      className={undefined}
      style={Object {}}>
      <span
        className={undefined}
        style={Object {}}>
        
      </span>
      <span
        className={undefined}
        style={
          Object {
            "fontWeight": "bold"
          }
        }>
        const
      </span>
      <span
        className={undefined}
        style={Object {}}>
         dude = woah(
      </span>
      <span
        className={undefined}
        style={
          Object {
            "color": "#880000"
          }
        }>
        2
      </span>
      <span
        className={undefined}
        style={Object {}}>
        ) + 
      </span>
      <span
        className={undefined}
        style={
          Object {
            "color": "#880000"
          }
        }>
        3
      </span>
      <span
        className={undefined}
        style={Object {}}>
        ;
        
      </span>
    </span>
    <span
      className={undefined}
      style={Object {}}>
      <span
        className={undefined}
        style={Object {}}>
        
      </span>
      <span
        className={undefined}
        style={
          Object {
            "fontWeight": "bold"
          }
        }>
        function
      </span>
      <span
        className={undefined}
        style={Object {}}>
         
      </span>
      <span
        className={undefined}
        style={
          Object {
            "color": "#880000",
            "fontWeight": "bold"
          }
        }>
        thisIsAFunction
      </span>
      <span
        className={undefined}
        style={Object {}}>
        (
      </span>
      <span
        className={undefined}
        style={Object {}}>
        ) 
      </span>
      <span
        className={undefined}
        style={Object {}}>
        {
        
      </span>
    </span>
    <span
      className={undefined}
      style={Object {}}>
      <span
        className={undefined}
        style={Object {}}>
          
      </span>
      <span
        className={undefined}
        style={
          Object {
            "fontWeight": "bold"
          }
        }>
        return
      </span>
      <span
        className={undefined}
        style={Object {}}>
         [
      </span>
      <span
        className={undefined}
        style={
          Object {
            "color": "#880000"
          }
        }>
        1
      </span>
      <span
        className={undefined}
        style={Object {}}>
        ,
      </span>
      <span
        className={undefined}
        style={
          Object {
            "color": "#880000"
          }
        }>
        2
      </span>
      <span
        className={undefined}
        style={Object {}}>
        ,
      </span>
      <span
        className={undefined}
        style={
          Object {
            "color": "#880000"
          }
        }>
        3
      </span>
      <span
        className={undefined}
        style={Object {}}>
        ].map(
      </span>
      <span
        className={undefined}
        style={Object {}}>
        n
      </span>
      <span
        className={undefined}
        style={Object {}}>
         =>
      </span>
      <span
        className={undefined}
        style={Object {}}>
         n + 
      </span>
      <span
        className={undefined}
        style={
          Object {
            "color": "#880000"
          }
        }>
        1
      </span>
      <span
        className={undefined}
        style={Object {}}>
        ).filter(n !== 
      </span>
      <span
        className={undefined}
        style={
          Object {
            "color": "#880000"
          }
        }>
        3
      </span>
      <span
        className={undefined}
        style={Object {}}>
        );
        
      </span>
    </span>
    <span
      className={undefined}
      style={Object {}}>
      }
      
    </span>
    <span
      className={undefined}
      style={Object {}}>
      <span
        className={undefined}
        style={Object {}}>
        
      </span>
      <span
        className={undefined}
        style={
          Object {
            "color": "#397300"
          }
        }>
        console
      </span>
      <span
        className={undefined}
        style={Object {}}>
        .log(
      </span>
      <span
        className={undefined}
        style={
          Object {
            "color": "#880000"
          }
        }>
        \'making up fake code is really hard\'
      </span>
      <span
        className={undefined}
        style={Object {}}>
        );
        
      </span>
    </span>
    <span
      className={undefined}
      style={Object {}}>
      
      
    </span>
    <span
      className={undefined}
      style={Object {}}>
      <span
        className={undefined}
        style={Object {}}>
        
      </span>
      <span
        className={undefined}
        style={
          Object {
            "fontWeight": "bold"
          }
        }>
        function
      </span>
      <span
        className={undefined}
        style={Object {}}>
         
      </span>
      <span
        className={undefined}
        style={
          Object {
            "color": "#880000",
            "fontWeight": "bold"
          }
        }>
        itIs
      </span>
      <span
        className={undefined}
        style={Object {}}>
        (
      </span>
      <span
        className={undefined}
        style={Object {}}>
        ) 
      </span>
      <span
        className={undefined}
        style={Object {}}>
        {
        
      </span>
    </span>
    <span
      className={undefined}
      style={Object {}}>
      <span
        className={undefined}
        style={Object {}}>
          
      </span>
      <span
        className={undefined}
        style={
          Object {
            "fontWeight": "bold"
          }
        }>
        return
      </span>
      <span
        className={undefined}
        style={Object {}}>
         
      </span>
      <span
        className={undefined}
        style={
          Object {
            "color": "#880000"
          }
        }>
        \'no seriously really it is\'
      </span>
      <span
        className={undefined}
        style={Object {}}>
        ;
        
      </span>
    </span>
    <span
      className={undefined}
      style={Object {}}>
      }
      
    </span>
    <span
      className={undefined}
      style={Object {}}>
      
      
    </span>
  </code>
</pre>
`;

exports[`test SyntaxHighlighter renders java code correctly with wrapLines 1`] = `
<pre
  style={
    Object {
      "background": "#F0F0F0",
      "color": "#444",
      "display": "block",
      "overflowX": "auto",
      "padding": "0.5em"
    }
  }>
  <code
    style={undefined}>
    <span
      className={undefined}
      style={
        Object {
          "backgroundColor": "#A9DBB8",
          "display": "block"
        }
      }>
      <span
        className={undefined}
        style={
          Object {
            "fontWeight": "bold"
          }
        }>
        package
      </span>
      <span
        className={undefined}
        style={Object {}}>
         com.javatest;
        
      </span>
    </span>
    <span
      className={undefined}
      style={
        Object {
          "backgroundColor": "#A9DBB8",
          "display": "block"
        }
      }>
      
      
    </span>
    <span
      className={undefined}
      style={
        Object {
          "backgroundColor": "#A9DBB8",
          "display": "block"
        }
      }>
      <span
        className={undefined}
        style={Object {}}>
        
      </span>
      <span
        className={undefined}
        style={
          Object {
            "fontWeight": "bold"
          }
        }>
        public
      </span>
      <span
        className={undefined}
        style={Object {}}>
         
      </span>
      <span
        className={undefined}
        style={
          Object {
            "fontWeight": "bold"
          }
        }>
        class
      </span>
      <span
        className={undefined}
        style={Object {}}>
         
      </span>
      <span
        className={undefined}
        style={
          Object {
            "color": "#880000",
            "fontWeight": "bold"
          }
        }>
        BubbleSort
      </span>
      <span
        className={undefined}
        style={Object {}}>
         
      </span>
      <span
        className={undefined}
        style={Object {}}>
        {
        
      </span>
    </span>
    <span
      className={undefined}
      style={
        Object {
          "backgroundColor": "#A9DBB8",
          "display": "block"
        }
      }>
      <span
        className={undefined}
        style={Object {}}>
          
      </span>
      <span
        className={undefined}
        style={
          Object {
            "color": "#888888"
          }
        }>
        /**
        
      </span>
    </span>
    <span
      className={undefined}
      style={
        Object {
          "backgroundColor": "#EDE4AF",
          "display": "block"
        }
      }>
         * Applies bubble sort to an array and returns whether the array was sorted correctly.
      
    </span>
    <span
      className={undefined}
      style={
        Object {
          "backgroundColor": "#EDE4AF",
          "display": "block"
        }
      }>
      <span
        className={undefined}
        style={
          Object {
            "color": "#888888"
          }
        }>
           */
      </span>
      <span
        className={undefined}
        style={Object {}}>
        
        
      </span>
    </span>
    <span
      className={undefined}
      style={
        Object {
          "backgroundColor": "#EDE4AF",
          "display": "block"
        }
      }>
      <span
        className={undefined}
        style={Object {}}>
          
      </span>
      <span
        className={undefined}
        style={
          Object {
            "fontWeight": "bold"
          }
        }>
        public
      </span>
      <span
        className={undefined}
        style={Object {}}>
         
      </span>
      <span
        className={undefined}
        style={
          Object {
            "fontWeight": "bold"
          }
        }>
        boolean
      </span>
      <span
        className={undefined}
        style={Object {}}>
         
      </span>
      <span
        className={undefined}
        style={
          Object {
            "color": "#880000",
            "fontWeight": "bold"
          }
        }>
        checkSort
      </span>
      <span
        className={undefined}
        style={Object {}}>
        (
      </span>
      <span
        className={undefined}
        style={
          Object {
            "fontWeight": "bold"
          }
        }>
        int
      </span>
      <span
        className={undefined}
        style={Object {}}>
        [] a)
      </span>
      <span
        className={undefined}
        style={Object {}}>
         
      </span>
      <span
        className={undefined}
        style={Object {}}>
        {
        
      </span>
    </span>
    <span
      className={undefined}
      style={
        Object {
          "backgroundColor": "#EDE4AF",
          "display": "block"
        }
      }>
          sort(a);
      
    </span>
    <span
      className={undefined}
      style={
        Object {
          "backgroundColor": "#EDE4AF",
          "display": "block"
        }
      }>
      
      
    </span>
    <span
      className={undefined}
      style={
        Object {
          "backgroundColor": "#BA2D0B",
          "display": "block"
        }
      }>
      <span
        className={undefined}
        style={Object {}}>
            
      </span>
      <span
        className={undefined}
        style={
          Object {
            "fontWeight": "bold"
          }
        }>
        for
      </span>
      <span
        className={undefined}
        style={Object {}}>
         (
      </span>
      <span
        className={undefined}
        style={
          Object {
            "fontWeight": "bold"
          }
        }>
        int
      </span>
      <span
        className={undefined}
        style={Object {}}>
         i = 
      </span>
      <span
        className={undefined}
        style={
          Object {
            "color": "#880000"
          }
        }>
        0
      </span>
      <span
        className={undefined}
        style={Object {}}>
        ; i < a.length - 
      </span>
      <span
        className={undefined}
        style={
          Object {
            "color": "#880000"
          }
        }>
        1
      </span>
      <span
        className={undefined}
        style={Object {}}>
        ; i++) {
        
      </span>
    </span>
    <span
      className={undefined}
      style={
        Object {
          "backgroundColor": "#BA2D0B",
          "display": "block"
        }
      }>
      <span
        className={undefined}
        style={Object {}}>
              
      </span>
      <span
        className={undefined}
        style={
          Object {
            "fontWeight": "bold"
          }
        }>
        if
      </span>
      <span
        className={undefined}
        style={Object {}}>
         (a[i] > a[i + 
      </span>
      <span
        className={undefined}
        style={
          Object {
            "color": "#880000"
          }
        }>
        1
      </span>
      <span
        className={undefined}
        style={Object {}}>
        ]) {
        
      </span>
    </span>
    <span
      className={undefined}
      style={
        Object {
          "backgroundColor": "#BA2D0B",
          "display": "block"
        }
      }>
      <span
        className={undefined}
        style={Object {}}>
                
      </span>
      <span
        className={undefined}
        style={
          Object {
            "fontWeight": "bold"
          }
        }>
        return
      </span>
      <span
        className={undefined}
        style={Object {}}>
         
      </span>
      <span
        className={undefined}
        style={
          Object {
            "fontWeight": "bold"
          }
        }>
        false
      </span>
      <span
        className={undefined}
        style={Object {}}>
        ;
        
      </span>
    </span>
    <span
      className={undefined}
      style={
        Object {
          "backgroundColor": "#BA2D0B",
          "display": "block"
        }
      }>
            }
      
    </span>
    <span
      className={undefined}
      style={
        Object {
          "backgroundColor": "#BA2D0B",
          "display": "block"
        }
      }>
          }
      
    </span>
    <span
      className={undefined}
      style={
        Object {
          "backgroundColor": "#BA2D0B",
          "display": "block"
        }
      }>
      
      
    </span>
    <span
      className={undefined}
      style={
        Object {
          "backgroundColor": "#BA2D0B",
          "display": "block"
        }
      }>
      <span
        className={undefined}
        style={Object {}}>
            
      </span>
      <span
        className={undefined}
        style={
          Object {
            "fontWeight": "bold"
          }
        }>
        return
      </span>
      <span
        className={undefined}
        style={Object {}}>
         
      </span>
      <span
        className={undefined}
        style={
          Object {
            "fontWeight": "bold"
          }
        }>
        true
      </span>
      <span
        className={undefined}
        style={Object {}}>
        ;
        
      </span>
    </span>
    <span
      className={undefined}
      style={
        Object {
          "backgroundColor": "#BA2D0B",
          "display": "block"
        }
      }>
        }
      
    </span>
    <span
      className={undefined}
      style={
        Object {
          "backgroundColor": "#BA2D0B",
          "display": "block"
        }
      }>
      
      
    </span>
    <span
      className={undefined}
      style={
        Object {
          "backgroundColor": "#BA2D0B",
          "display": "block"
        }
      }>
      <span
        className={undefined}
        style={Object {}}>
          
      </span>
      <span
        className={undefined}
        style={
          Object {
            "color": "#888888"
          }
        }>
        /**
        
      </span>
    </span>
    <span
      className={undefined}
      style={
        Object {
          "backgroundColor": "",
          "display": ""
        }
      }>
         * Bubble sort an array, mutating the array (contains a bug).
      
    </span>
    <span
      className={undefined}
      style={
        Object {
          "backgroundColor": "",
          "display": ""
        }
      }>
      <span
        className={undefined}
        style={
          Object {
            "color": "#888888"
          }
        }>
           */
      </span>
      <span
        className={undefined}
        style={Object {}}>
        
        
      </span>
    </span>
    <span
      className={undefined}
      style={
        Object {
          "backgroundColor": "",
          "display": ""
        }
      }>
      <span
        className={undefined}
        style={Object {}}>
          
      </span>
      <span
        className={undefined}
        style={
          Object {
            "fontWeight": "bold"
          }
        }>
        public
      </span>
      <span
        className={undefined}
        style={Object {}}>
         
      </span>
      <span
        className={undefined}
        style={
          Object {
            "fontWeight": "bold"
          }
        }>
        void
      </span>
      <span
        className={undefined}
        style={Object {}}>
         
      </span>
      <span
        className={undefined}
        style={
          Object {
            "color": "#880000",
            "fontWeight": "bold"
          }
        }>
        sort
      </span>
      <span
        className={undefined}
        style={Object {}}>
        (
      </span>
      <span
        className={undefined}
        style={
          Object {
            "fontWeight": "bold"
          }
        }>
        int
      </span>
      <span
        className={undefined}
        style={Object {}}>
         [] a)
      </span>
      <span
        className={undefined}
        style={Object {}}>
         
      </span>
      <span
        className={undefined}
        style={Object {}}>
        {
        
      </span>
    </span>
    <span
      className={undefined}
      style={
        Object {
          "backgroundColor": "",
          "display": ""
        }
      }>
      <span
        className={undefined}
        style={Object {}}>
            
      </span>
      <span
        className={undefined}
        style={
          Object {
            "fontWeight": "bold"
          }
        }>
        int
      </span>
      <span
        className={undefined}
        style={Object {}}>
         j;
        
      </span>
    </span>
    <span
      className={undefined}
      style={
        Object {
          "backgroundColor": "",
          "display": ""
        }
      }>
      <span
        className={undefined}
        style={Object {}}>
            
      </span>
      <span
        className={undefined}
        style={
          Object {
            "fontWeight": "bold"
          }
        }>
        boolean
      </span>
      <span
        className={undefined}
        style={Object {}}>
         flag = 
      </span>
      <span
        className={undefined}
        style={
          Object {
            "fontWeight": "bold"
          }
        }>
        true
      </span>
      <span
        className={undefined}
        style={Object {}}>
        ;
        
      </span>
    </span>
    <span
      className={undefined}
      style={
        Object {
          "backgroundColor": "",
          "display": ""
        }
      }>
      <span
        className={undefined}
        style={Object {}}>
            
      </span>
      <span
        className={undefined}
        style={
          Object {
            "fontWeight": "bold"
          }
        }>
        int
      </span>
      <span
        className={undefined}
        style={Object {}}>
         temp;
      </span>
    </span>
  </code>
</pre>
`;
